 TTR_mdl_sfun

 Timestamp is 522272f0 (Sun Sep 01 00:49:20 2013)

 Preferred load address is 0000000180000000

 Start         Length     Name                   Class
 0001:00000000 0008ac8aH .text                   CODE
 0001:0008ac90 00000092H .text$x                 CODE
 0002:00000000 000004c8H .idata$5                DATA
 0002:000004c8 00000008H .CRT$XCA                DATA
 0002:000004d0 00000008H .CRT$XCZ                DATA
 0002:000004d8 00000008H .CRT$XIA                DATA
 0002:000004e0 00000008H .CRT$XIAA               DATA
 0002:000004e8 00000008H .CRT$XIZ                DATA
 0002:000004f0 00004cfcH .rdata                  DATA
 0002:000051f0 00000008H .rtc$IAA                DATA
 0002:000051f8 00000008H .rtc$IZZ                DATA
 0002:00005200 00000008H .rtc$TAA                DATA
 0002:00005208 00000008H .rtc$TZZ                DATA
 0002:00005210 00005154H .xdata                  DATA
 0002:0000a364 000000a0H .idata$2                DATA
 0002:0000a404 00000014H .idata$3                DATA
 0002:0000a418 000004c8H .idata$4                DATA
 0002:0000a8e0 00000b40H .idata$6                DATA
 0002:0000b420 00000052H .edata                  DATA
 0003:00000000 000104b8H .data                   DATA
 0003:000104c0 000024b8H .bss                    DATA
 0004:00000000 00004428H .pdata                  DATA

  Address         Publics by Value              Rva+Base               Lib:Object

 0000:00000000       ___safe_se_handler_count   0000000000000000     <absolute>
 0000:00000000       ___safe_se_handler_table   0000000000000000     <absolute>
 0000:00000000       __ImageBase                0000000180000000     <linker-defined>
 0001:00000000       sf_c1_TTR_mdl_get_eml_resolved_functions_info 0000000180001000 f   c1_TTR_mdl.obj
 0001:000006a0       sf_c1_TTR_mdl_get_check_sum 00000001800016a0 f   c1_TTR_mdl.obj
 0001:00000720       sf_c1_TTR_mdl_get_autoinheritance_info 0000000180001720 f   c1_TTR_mdl.obj
 0001:000015e0       sf_c1_TTR_mdl_third_party_uses_info 00000001800025e0 f   c1_TTR_mdl.obj
 0001:00001610       sf_internal_get_sim_state_c1_TTR_mdl 0000000180002610 f   c1_TTR_mdl.obj
 0001:00001b60       sf_internal_set_sim_state_c1_TTR_mdl 0000000180002b60 f   c1_TTR_mdl.obj
 0001:00002210       c1_TTR_mdl_method_dispatcher 0000000180003210 f   c1_TTR_mdl.obj
 0001:00007490       sf_c2_TTR_mdl_get_eml_resolved_functions_info 0000000180008490 f   c2_TTR_mdl.obj
 0001:00009160       sf_c2_TTR_mdl_get_check_sum 000000018000a160 f   c2_TTR_mdl.obj
 0001:000091e0       sf_c2_TTR_mdl_get_autoinheritance_info 000000018000a1e0 f   c2_TTR_mdl.obj
 0001:0000a1e0       sf_c2_TTR_mdl_third_party_uses_info 000000018000b1e0 f   c2_TTR_mdl.obj
 0001:0000a210       sf_internal_get_sim_state_c2_TTR_mdl 000000018000b210 f   c2_TTR_mdl.obj
 0001:0000ad30       sf_internal_set_sim_state_c2_TTR_mdl 000000018000bd30 f   c2_TTR_mdl.obj
 0001:0000bc80       c2_TTR_mdl_method_dispatcher 000000018000cc80 f   c2_TTR_mdl.obj
 0001:00019f00       sf_c3_TTR_mdl_get_eml_resolved_functions_info 000000018001af00 f   c3_TTR_mdl.obj
 0001:0001a660       sf_c3_TTR_mdl_get_check_sum 000000018001b660 f   c3_TTR_mdl.obj
 0001:0001a6e0       sf_c3_TTR_mdl_get_autoinheritance_info 000000018001b6e0 f   c3_TTR_mdl.obj
 0001:0001ac50       sf_c3_TTR_mdl_third_party_uses_info 000000018001bc50 f   c3_TTR_mdl.obj
 0001:0001ac80       sf_internal_get_sim_state_c3_TTR_mdl 000000018001bc80 f   c3_TTR_mdl.obj
 0001:0001b200       sf_internal_set_sim_state_c3_TTR_mdl 000000018001c200 f   c3_TTR_mdl.obj
 0001:0001b8d0       c3_TTR_mdl_method_dispatcher 000000018001c8d0 f   c3_TTR_mdl.obj
 0001:0001e670       sf_c4_TTR_mdl_get_eml_resolved_functions_info 000000018001f670 f   c4_TTR_mdl.obj
 0001:0001f210       sf_c4_TTR_mdl_get_check_sum 0000000180020210 f   c4_TTR_mdl.obj
 0001:0001f290       sf_c4_TTR_mdl_get_autoinheritance_info 0000000180020290 f   c4_TTR_mdl.obj
 0001:0001f800       sf_c4_TTR_mdl_third_party_uses_info 0000000180020800 f   c4_TTR_mdl.obj
 0001:0001f830       sf_internal_get_sim_state_c4_TTR_mdl 0000000180020830 f   c4_TTR_mdl.obj
 0001:0001fb80       sf_internal_set_sim_state_c4_TTR_mdl 0000000180020b80 f   c4_TTR_mdl.obj
 0001:0001ff80       c4_TTR_mdl_method_dispatcher 0000000180020f80 f   c4_TTR_mdl.obj
 0001:00022300       sf_c5_TTR_mdl_get_eml_resolved_functions_info 0000000180023300 f   c5_TTR_mdl.obj
 0001:00022ef0       sf_c5_TTR_mdl_get_check_sum 0000000180023ef0 f   c5_TTR_mdl.obj
 0001:00022f70       sf_c5_TTR_mdl_get_autoinheritance_info 0000000180023f70 f   c5_TTR_mdl.obj
 0001:000234e0       sf_c5_TTR_mdl_third_party_uses_info 00000001800244e0 f   c5_TTR_mdl.obj
 0001:00023510       sf_internal_get_sim_state_c5_TTR_mdl 0000000180024510 f   c5_TTR_mdl.obj
 0001:00023860       sf_internal_set_sim_state_c5_TTR_mdl 0000000180024860 f   c5_TTR_mdl.obj
 0001:00023c60       c5_TTR_mdl_method_dispatcher 0000000180024c60 f   c5_TTR_mdl.obj
 0001:00025fd0       sf_c6_TTR_mdl_get_eml_resolved_functions_info 0000000180026fd0 f   c6_TTR_mdl.obj
 0001:00026b50       sf_c6_TTR_mdl_get_check_sum 0000000180027b50 f   c6_TTR_mdl.obj
 0001:00026bd0       sf_c6_TTR_mdl_get_autoinheritance_info 0000000180027bd0 f   c6_TTR_mdl.obj
 0001:00027140       sf_c6_TTR_mdl_third_party_uses_info 0000000180028140 f   c6_TTR_mdl.obj
 0001:00027170       sf_internal_get_sim_state_c6_TTR_mdl 0000000180028170 f   c6_TTR_mdl.obj
 0001:000274c0       sf_internal_set_sim_state_c6_TTR_mdl 00000001800284c0 f   c6_TTR_mdl.obj
 0001:000278c0       c6_TTR_mdl_method_dispatcher 00000001800288c0 f   c6_TTR_mdl.obj
 0001:00029c30       sf_c41_TTR_mdl_get_eml_resolved_functions_info 000000018002ac30 f   c41_TTR_mdl.obj
 0001:0002abf0       sf_c41_TTR_mdl_get_check_sum 000000018002bbf0 f   c41_TTR_mdl.obj
 0001:0002ac70       sf_c41_TTR_mdl_get_autoinheritance_info 000000018002bc70 f   c41_TTR_mdl.obj
 0001:0002c540       sf_c41_TTR_mdl_third_party_uses_info 000000018002d540 f   c41_TTR_mdl.obj
 0001:0002c570       sf_internal_get_sim_state_c41_TTR_mdl 000000018002d570 f   c41_TTR_mdl.obj
 0001:0002d130       sf_internal_set_sim_state_c41_TTR_mdl 000000018002e130 f   c41_TTR_mdl.obj
 0001:0002d8f0       c41_TTR_mdl_method_dispatcher 000000018002e8f0 f   c41_TTR_mdl.obj
 0001:00034c00       sf_process_check_sum_call  0000000180035c00 f   TTR_mdl_sfun_registry.obj
 0001:00034c70       sf_process_autoinheritance_call 0000000180035c70 f   TTR_mdl_sfun_registry.obj
 0001:00034eb0       sf_process_get_third_party_uses_info_call 0000000180035eb0 f   TTR_mdl_sfun_registry.obj
 0001:000350f0       sf_process_get_eml_resolved_functions_info_call 00000001800360f0 f   TTR_mdl_sfun_registry.obj
 0001:000352e0       sf_mex_unlock_call         00000001800362e0 f   TTR_mdl_sfun_registry.obj
 0001:00035390       sf_machine_global_initializer_called 0000000180036390 f   TTR_mdl_sfun_registry.obj
 0001:000353c0       sf_machine_global_method_dispatcher 00000001800363c0 f   TTR_mdl_sfun_registry.obj
 0001:00035460       sf_machine_global_terminator 0000000180036460 f   TTR_mdl_sfun_registry.obj
 0001:000354b0       sf_register_machine_exported_symbols 00000001800364b0 f   TTR_mdl_sfun_registry.obj
 0001:000354e0       callCustomFcn              00000001800364e0 f   TTR_mdl_sfun_registry.obj
 0001:000354f0       sf_machine_global_initializer 00000001800364f0 f   TTR_mdl_sfun_registry.obj
 0001:00035580       _ssSetStateAbsTol          0000000180036580 f   TTR_mdl_sfun_registry.obj
 0001:00035660       _ssGetAbsTol               0000000180036660 f   TTR_mdl_sfun_registry.obj
 0001:000356d0       _ssSetInputPortMatrixDimensions 00000001800366d0 f   TTR_mdl_sfun_registry.obj
 0001:000357e0       _ssSetOutputPortMatrixDimensions 00000001800367e0 f   TTR_mdl_sfun_registry.obj
 0001:000358f0       _ssSetInputPortVectorDimension 00000001800368f0 f   TTR_mdl_sfun_registry.obj
 0001:000359c0       _ssSetOutputPortVectorDimension 00000001800369c0 f   TTR_mdl_sfun_registry.obj
 0001:00035a90       ssIsRunTimeParamTunable    0000000180036a90 f   TTR_mdl_sfun_registry.obj
 0001:00035b00       ssGetSFuncBlockHandle      0000000180036b00 f   TTR_mdl_sfun_registry.obj
 0001:00035b70       _ssGetCurrentInputPortWidth 0000000180036b70 f   TTR_mdl_sfun_registry.obj
 0001:00035c90       _ssGetCurrentOutputPortWidth 0000000180036c90 f   TTR_mdl_sfun_registry.obj
 0001:00035db0       _ssGetCallSystemNumFcnCallDestinations 0000000180036db0 f   TTR_mdl_sfun_registry.obj
 0001:00035e20       ssWarning                  0000000180036e20 f   TTR_mdl_sfun_registry.obj
 0001:00035f30       ssGetIsZeroCrossControlDisabled 0000000180036f30 f   TTR_mdl_sfun_registry.obj
 0001:00035fa0       ssSetIsInputPortUsedForContZcSignal 0000000180036fa0 f   TTR_mdl_sfun_registry.obj
 0001:00036010       ssSetZcSignalIsZcElementDisc 0000000180037010 f   TTR_mdl_sfun_registry.obj
 0001:000360c0       ssSetZcSignalName          00000001800370c0 f   TTR_mdl_sfun_registry.obj
 0001:00036130       ssSetZcSignalWidth         0000000180037130 f   TTR_mdl_sfun_registry.obj
 0001:000361a0       ssSetZcSignalZcEventType   00000001800371a0 f   TTR_mdl_sfun_registry.obj
 0001:00036210       ssSetZcSignalType          0000000180037210 f   TTR_mdl_sfun_registry.obj
 0001:00036280       ssSetZcSignalZcTol         0000000180037280 f   TTR_mdl_sfun_registry.obj
 0001:000362f0       ssSetZcSignalNeedsEventNotification 00000001800372f0 f   TTR_mdl_sfun_registry.obj
 0001:00036360       ssCreateAndAddZcSignalInfo 0000000180037360 f   TTR_mdl_sfun_registry.obj
 0001:000363d0       ssCloneAndAddZcSignalInfo  00000001800373d0 f   TTR_mdl_sfun_registry.obj
 0001:00036440       ssGetNumZcSignals          0000000180037440 f   TTR_mdl_sfun_registry.obj
 0001:000364b0       ssGetZcSignalVector        00000001800374b0 f   TTR_mdl_sfun_registry.obj
 0001:00036520       ssGetZcSignalZcEvents      0000000180037520 f   TTR_mdl_sfun_registry.obj
 0001:00036590       ssGetZcSignalName          0000000180037590 f   TTR_mdl_sfun_registry.obj
 0001:00036600       ssGetZcSignalWidth         0000000180037600 f   TTR_mdl_sfun_registry.obj
 0001:00036670       ssGetZcSignalZcEventType   0000000180037670 f   TTR_mdl_sfun_registry.obj
 0001:000366e0       ssGetZcSignalType          00000001800376e0 f   TTR_mdl_sfun_registry.obj
 0001:00036750       ssGetZcSignalZcTol         0000000180037750 f   TTR_mdl_sfun_registry.obj
 0001:000367d0       ssGetZcSignalNeedsEventNotification 00000001800377d0 f   TTR_mdl_sfun_registry.obj
 0001:00036840       ssGetZcSignalIsZcElementDisc 0000000180037840 f   TTR_mdl_sfun_registry.obj
 0001:000368e0       ssGetIsInputPortElementContinuous 00000001800378e0 f   TTR_mdl_sfun_registry.obj
 0001:00036980       _ssGetInputPortSignalPtrsFcn 0000000180037980 f   TTR_mdl_sfun_registry.obj
 0001:00036c40       _ssGetInputPortSignalFcn   0000000180037c40 f   TTR_mdl_sfun_registry.obj
 0001:00036e60       _ssSetInputPortDirectFeedThroughFcn 0000000180037e60 f   TTR_mdl_sfun_registry.obj
 0001:00036fc0       _ssSetInputPortReusableFcn 0000000180037fc0 f   TTR_mdl_sfun_registry.obj
 0001:000370b0       _ssSetOutputPortReusableFcn 00000001800380b0 f   TTR_mdl_sfun_registry.obj
 0001:00037190       ssGetDTypeIdFromMxArray    0000000180038190 f   TTR_mdl_sfun_registry.obj
 0001:000372b0       ssWriteRTWStr              00000001800382b0 f   TTR_mdl_sfun_registry.obj
 0001:00037310       ssWriteRTWMxVectParam      0000000180038310 f   TTR_mdl_sfun_registry.obj
 0001:00037370       ssWriteRTWMx2dMatParam     0000000180038370 f   TTR_mdl_sfun_registry.obj
 0001:000373f0       ssWriteRTWNameValuePair    00000001800383f0 f   TTR_mdl_sfun_registry.obj
 0001:000378e0       ssWriteRTWParameters       00000001800388e0 f   TTR_mdl_sfun_registry.obj
 0001:00037ee0       ssWriteRTWParamSettings    0000000180038ee0 f   TTR_mdl_sfun_registry.obj
 0001:000385b0       ssWriteRTWWorkVect         00000001800395b0 f   TTR_mdl_sfun_registry.obj
 0001:00038ab0       mexFunction                0000000180039ab0 f   TTR_mdl_sfun_registry.obj
 0001:0003a7e0       ProcessMexSfunctionEveryCall 000000018003b7e0 f   TTR_mdl_sfun_registry.obj
 0001:0003a950       TTR_mdl_initializer        000000018003b950 f   TTR_mdl_sfun.obj
 0001:0003a960       TTR_mdl_terminator         000000018003b960 f   TTR_mdl_sfun.obj
 0001:0003a970       sf_TTR_mdl_method_dispatcher 000000018003b970 f   TTR_mdl_sfun.obj
 0001:0003aa90       sf_TTR_mdl_process_check_sum_call 000000018003ba90 f   TTR_mdl_sfun.obj
 0001:0003af60       sf_TTR_mdl_autoinheritance_info 000000018003bf60 f   TTR_mdl_sfun.obj
 0001:0003b2f0       sf_TTR_mdl_get_eml_resolved_functions_info 000000018003c2f0 f   TTR_mdl_sfun.obj
 0001:0003b5e0       sf_TTR_mdl_third_party_uses_info 000000018003c5e0 f   TTR_mdl_sfun.obj
 0001:0003b8a0       TTR_mdl_debug_initialize   000000018003c8a0 f   TTR_mdl_sfun.obj
 0001:0003b920       TTR_mdl_register_exported_symbols 000000018003c920 f   TTR_mdl_sfun.obj
 0001:0003b930       load_TTR_mdl_optimization_info 000000018003c930 f   TTR_mdl_sfun.obj
 0001:0003b980       unload_TTR_mdl_optimization_info 000000018003c980 f   TTR_mdl_sfun.obj
 0001:0003baa0       sf_mex_mx_is_numeric       000000018003caa0 f   sfc_mex:sfc_mex.obj
 0001:0003bae0       strcmp_ignore_ws           000000018003cae0 f   sfc_mex:sfc_mex.obj
 0001:0003bc20       sf_mex_duplicatearraysafe  000000018003cc20 f   sfc_mex:sfc_mex.obj
 0001:0003bd80       sf_set_error_debugger_context_message_fcn 000000018003cd80 f   sfc_mex:sfc_mex.obj
 0001:0003bd90       sf_set_debugger_matlab_error_fcn 000000018003cd90 f   sfc_mex:sfc_mex.obj
 0001:0003bdd0       sf_set_error_prefix_string 000000018003cdd0 f   sfc_mex:sfc_mex.obj
 0001:0003be00       sf_get_error_prefix_string 000000018003ce00 f   sfc_mex:sfc_mex.obj
 0001:0003be10       sf_mex_enter_parallel_region 000000018003ce10 f   sfc_mex:sfc_mex.obj
 0001:0003be20       sf_mex_exit_parallel_region 000000018003ce20 f   sfc_mex:sfc_mex.obj
 0001:0003be30       sf_get_current_jmp_buf_ptr 000000018003ce30 f   sfc_mex:sfc_mex.obj
 0001:0003be40       sf_set_current_jmp_buf_ptr 000000018003ce40 f   sfc_mex:sfc_mex.obj
 0001:0003be50       sf_mex_set_halt_simulation 000000018003ce50 f   sfc_mex:sfc_mex.obj
 0001:0003be60       sf_mex_get_halt_simulation 000000018003ce60 f   sfc_mex:sfc_mex.obj
 0001:0003be70       sf_mex_clear_error_message 000000018003ce70 f   sfc_mex:sfc_mex.obj
 0001:0003be90       sf_mex_get_error_message_for_read 000000018003ce90 f   sfc_mex:sfc_mex.obj
 0001:0003bea0       sf_mex_get_error_message_buffer_length 000000018003cea0 f   sfc_mex:sfc_mex.obj
 0001:0003bf80       sf_mex_warning_message     000000018003cf80 f   sfc_mex:sfc_mex.obj
 0001:0003bff0       sf_mex_v_errbuf_createf    000000018003cff0 f   sfc_mex:sfc_mex.obj
 0001:0003c000       sf_mex_errbuf_createf      000000018003d000 f   sfc_mex:sfc_mex.obj
 0001:0003c030       sf_mex_v_errbuf_catf       000000018003d030 f   sfc_mex:sfc_mex.obj
 0001:0003c070       sf_mex_errbuf_catf         000000018003d070 f   sfc_mex:sfc_mex.obj
 0001:0003c0c0       sf_mex_errbuf_copy         000000018003d0c0 f   sfc_mex:sfc_mex.obj
 0001:0003c0d0       sf_mex_errbuf_clear        000000018003d0d0 f   sfc_mex:sfc_mex.obj
 0001:0003c0e0       sf_mex_errbuf_isempty      000000018003d0e0 f   sfc_mex:sfc_mex.obj
 0001:0003c1e0       sf_mex_set_error_status    000000018003d1e0 f   sfc_mex:sfc_mex.obj
 0001:0003c230       sf_mex_error_direct_call   000000018003d230 f   sfc_mex:sfc_mex.obj
 0001:0003c250       sf_mex_error_message_no_long_jump 000000018003d250 f   sfc_mex:sfc_mex.obj
 0001:0003c270       sf_mex_long_jump_on_error  000000018003d270 f   sfc_mex:sfc_mex.obj
 0001:0003c2a0       sf_mex_call_matlab         000000018003d2a0 f   sfc_mex:sfc_mex.obj
 0001:0003c3c0       sf_mex_check_builtin       000000018003d3c0 f   sfc_mex:sfc_mex.obj
 0001:0003c460       sf_mex_check_builtin_vs    000000018003d460 f   sfc_mex:sfc_mex.obj
 0001:0003c520       sf_mex_check_enum          000000018003d520 f   sfc_mex:sfc_mex.obj
 0001:0003c5a0       sf_mex_create_enum         000000018003d5a0 f   sfc_mex:sfc_mex.obj
 0001:0003c610       sf_mex_get_enum_element    000000018003d610 f   sfc_mex:sfc_mex.obj
 0001:0003c620       sf_mex_createcellarray     000000018003d620 f   sfc_mex:sfc_mex.obj
 0001:0003c630       sf_mex_setcell             000000018003d630 f   sfc_mex:sfc_mex.obj
 0001:0003c640       sf_mex_getcell             000000018003d640 f   sfc_mex:sfc_mex.obj
 0001:0003c650       sf_mex_dup                 000000018003d650 f   sfc_mex:sfc_mex.obj
 0001:0003c670       sf_mex_assign              000000018003d670 f   sfc_mex:sfc_mex.obj
 0001:0003c6f0       sf_mex_destroy             000000018003d6f0 f   sfc_mex:sfc_mex.obj
 0001:0003c720       mx_array_has_fi_type       000000018003d720 f   sfc_mex:sfc_mex.obj
 0001:0003c750       sf_mex_convert_from_fi     000000018003d750 f   sfc_mex:sfc_mex.obj
 0001:0003c880       sf_mex_convert_to_double   000000018003d880 f   sfc_mex:sfc_mex.obj
 0001:0003c9a0       sf_mex_import_fi_vs        000000018003d9a0 f   sfc_mex:sfc_mex.obj
 0001:0003cbd0       sf_matrix_matrix_index_ok  000000018003dbd0 f   sfc_mex:sfc_mex.obj
 0001:0003cc60       sf_vector_vector_index_ok  000000018003dc60 f   sfc_mex:sfc_mex.obj
 0001:0003cc90       ssGetCurrentInputPortDimensions_wrapper 000000018003dc90 f   sfc_mex:sfc_mex.obj
 0001:0003ccb0       ssGetCurrentOutputPortDimensions_wrapper 000000018003dcb0 f   sfc_mex:sfc_mex.obj
 0001:0003ccd0       sf_mex_emlrt_context_is_debug_mode 000000018003dcd0 f   sfc_mex:sfc_mex.obj
 0001:0003cce0       sf_mex_emlrt_context_set_debug_mode 000000018003dce0 f   sfc_mex:sfc_mex.obj
 0001:0003ccf0       sf_mex_emlrtNameCapturePostProcessR2012a 000000018003dcf0 f   sfc_mex:sfc_mex.obj
 0001:0003cd60       sf_clear_error_manager_info 000000018003dd60 f   sfc_mex:sfc_mex.obj
 0001:0003cdc0       sf_mex_stop_simulation_abruptly_wo_error 000000018003ddc0 f   sfc_mex:sfc_mex.obj
 0001:0003ce00       sf_mex_error_message       000000018003de00 f   sfc_mex:sfc_mex.obj
 0001:0003ce70       sf_react_to_error_in_matlab_call 000000018003de70 f   sfc_mex:sfc_mex.obj
 0001:0003cea0       sf_mex_addfield            000000018003dea0 f   sfc_mex:sfc_mex.obj
 0001:0003cf40       sf_mex_getfield            000000018003df40 f   sfc_mex:sfc_mex.obj
 0001:0003d240       sf_mex_check_class         000000018003e240 f   sfc_mex:sfc_mex.obj
 0001:0003d2e0       sf_mex_is_real             000000018003e2e0 f   sfc_mex:sfc_mex.obj
 0001:0003d750       sf_mex_decode_encoded_mx_struct_array 000000018003e750 f   sfc_mex:sfc_mex.obj
 0001:0003da40       sf_mex_lw_bounds_check     000000018003ea40 f   sfc_mex:sfc_mex.obj
 0001:0003da70       sf_mex_lw_size_eq_check_1d 000000018003ea70 f   sfc_mex:sfc_mex.obj
 0001:0003da90       sf_mex_lw_size_eq_check_nd 000000018003ea90 f   sfc_mex:sfc_mex.obj
 0001:0003dc70       sf_mex_lw_dim_size_eq_check 000000018003ec70 f   sfc_mex:sfc_mex.obj
 0001:0003dca0       sf_mex_lw_dim_size_geq_check 000000018003eca0 f   sfc_mex:sfc_mex.obj
 0001:0003dcd0       sf_mex_lw_sub_assign_size_check_nd 000000018003ecd0 f   sfc_mex:sfc_mex.obj
 0001:0003dea0       sf_mex_lw_runtime_error_msgid 000000018003eea0 f   sfc_mex:sfc_mex.obj
 0001:0003df90       sf_mex_lw_matrix_matrix_index_check 000000018003ef90 f   sfc_mex:sfc_mex.obj
 0001:0003dfb0       sf_mex_lw_vector_vector_index_check 000000018003efb0 f   sfc_mex:sfc_mex.obj
 0001:0003dff0       sf_mex_lw_for_loop_vector_check 000000018003eff0 f   sfc_mex:sfc_mex.obj
 0001:0003e080       sf_mex_lw_non_negative_check 000000018003f080 f   sfc_mex:sfc_mex.obj
 0001:0003e0c0       sf_mex_overflow_error      000000018003f0c0 f   sfc_mex:sfc_mex.obj
 0001:0003e0d0       sf_mex_dividebyzero_error  000000018003f0d0 f   sfc_mex:sfc_mex.obj
 0001:0003e0e0       sf_mex_unsafe_enum_error   000000018003f0e0 f   sfc_mex:sfc_mex.obj
 0001:0003e0f0       sf_emlrtErrHandler         000000018003f0f0 f   sfc_mex:sfc_mex.obj
 0001:0003e1d0       sf_mex_size_one_check      000000018003f1d0 f   sfc_mex:sfc_mex.obj
 0001:0003e1f0       sf_mex_printf              000000018003f1f0 f   sfc_mex:sfc_mex.obj
 0001:0003e3c0       sf_mex_check_size          000000018003f3c0 f   sfc_mex:sfc_mex.obj
 0001:0003e660       sf_mex_check_struct        000000018003f660 f   sfc_mex:sfc_mex.obj
 0001:0003e8c0       sf_mex_check_struct_vs     000000018003f8c0 f   sfc_mex:sfc_mex.obj
 0001:0003e950       sf_mex_check_fi            000000018003f950 f   sfc_mex:sfc_mex.obj
 0001:0003ea50       sf_mex_check_fi_vs         000000018003fa50 f   sfc_mex:sfc_mex.obj
 0001:0003eaf0       sf_echo_expression         000000018003faf0 f   sfc_mex:sfc_mex.obj
 0001:0003eb50       sf_assertion_failed        000000018003fb50 f   sfc_mex:sfc_mex.obj
 0001:0003ee30       sf_mex_evalin              000000018003fe30 f   sfc_mex:sfc_mex.obj
 0001:0003f0a0       sf_mex_export              00000001800400a0 f   sfc_mex:sfc_mex.obj
 0001:0003f160       sf_mex_get_ml_var_no_error 0000000180040160 f   sfc_mex:sfc_mex.obj
 0001:0003f300       sf_mex_get_ml_var          0000000180040300 f   sfc_mex:sfc_mex.obj
 0001:0003f790       ml_set_element_value_in_array 0000000180040790 f   sfc_mex:sfc_mex.obj
 0001:00040850       sf_mex_call_impl           0000000180041850 f   sfc_mex:sfc_mex.obj
 0001:00040c70       sf_mex_call_debug          0000000180041c70 f   sfc_mex:sfc_mex.obj
 0001:00040ca0       sf_mex_call                0000000180041ca0 f   sfc_mex:sfc_mex.obj
 0001:000412f0       sf_mex_createstruct        00000001800422f0 f   sfc_mex:sfc_mex.obj
 0001:00041400       sf_mex_createstructarray   0000000180042400 f   sfc_mex:sfc_mex.obj
 0001:00041480       sf_mex_get_mx_datatype_from_sf_datatype 0000000180042480 f   sfc_mex:sfc_mex.obj
 0001:00041790       sf_mex_ml_var_sub          0000000180042790 f   sfc_mex:sfc_mex.obj
 0001:00041970       sf_mex_ml_var_subsasgn     0000000180042970 f   sfc_mex:sfc_mex.obj
 0001:00041d70       sf_mex_sub                 0000000180042d70 f   sfc_mex:sfc_mex.obj
 0001:00041f80       sf_mex_subsasgn            0000000180042f80 f   sfc_mex:sfc_mex.obj
 0001:00042490       sf_mex_create              0000000180043490 f   sfc_mex:sfc_mex.obj
 0001:00042e30       sf_mex_import_named        0000000180043e30 f   sfc_mex:sfc_mex.obj
 0001:00042e90       sf_mex_import              0000000180043e90 f   sfc_mex:sfc_mex.obj
 0001:00042ee0       sf_mex_import_vs           0000000180043ee0 f   sfc_mex:sfc_mex.obj
 0001:00042ff0       sf_mex_lower_fixpt_mx_array 0000000180043ff0 f   sfc_mex:sfc_mex.obj
 0001:000432f0       sf_send_message_wrapper    00000001800442f0 f   sfc_mex:sfc_sf.obj
 0001:00043320       sf_receive_message_wrapper 0000000180044320 f   sfc_mex:sfc_sf.obj
 0001:00043360       sf_check_out_message_wrapper 0000000180044360 f   sfc_mex:sfc_sf.obj
 0001:000433a0       sf_check_in_message_wrapper 00000001800443a0 f   sfc_mex:sfc_sf.obj
 0001:000433e0       sf_no_message_wrapper      00000001800443e0 f   sfc_mex:sfc_sf.obj
 0001:00043770       sim_mode_is_rtw_gen        0000000180044770 f   sfc_mex:sfc_sf.obj
 0001:000437a0       sim_mode_is_external       00000001800447a0 f   sfc_mex:sfc_sf.obj
 0001:000437b0       sim_mode_is_modelref_sim   00000001800447b0 f   sfc_mex:sfc_sf.obj
 0001:000437d0       mdlInitializeSizes         00000001800447d0 f   sfc_mex:sfc_sf.obj
 0001:000437f0       mdlInitializeSampleTimes   00000001800447f0 f   sfc_mex:sfc_sf.obj
 0001:00043830       mdlZeroCrossings           0000000180044830 f   sfc_mex:sfc_sf.obj
 0001:00043920       mdlDerivatives             0000000180044920 f   sfc_mex:sfc_sf.obj
 0001:000439e0       mdl_initialize_conditions_processing 00000001800449e0 f   sfc_mex:sfc_sf.obj
 0001:00043a10       mdlInitializeConditions    0000000180044a10 f   sfc_mex:sfc_sf.obj
 0001:00043ad0       mdlGetSimState             0000000180044ad0 f   sfc_mex:sfc_sf.obj
 0001:00043ae0       mdlSetSimState             0000000180044ae0 f   sfc_mex:sfc_sf.obj
 0001:00043af0       mdl_ext_mode_exec_processing 0000000180044af0 f   sfc_mex:sfc_sf.obj
 0001:00043b10       mdlExtModeExec             0000000180044b10 f   sfc_mex:sfc_sf.obj
 0001:00043cb0       mdlTerminate               0000000180044cb0 f   sfc_mex:sfc_sf.obj
 0001:00043d20       mdlRTW                     0000000180044d20 f   sfc_mex:sfc_sf.obj
 0001:00043d50       mdlSetWorkWidths           0000000180044d50 f   sfc_mex:sfc_sf.obj
 0001:00043d60       mdlProcessParameters       0000000180044d60 f   sfc_mex:sfc_sf.obj
 0001:00043d70       mdl_start_processing       0000000180044d70 f   sfc_mex:sfc_sf.obj
 0001:00043dd0       mdlStart                   0000000180044dd0 f   sfc_mex:sfc_sf.obj
 0001:00043ee0       mdlEnable                  0000000180044ee0 f   sfc_mex:sfc_sf.obj
 0001:00043fc0       mdlDisable                 0000000180044fc0 f   sfc_mex:sfc_sf.obj
 0001:00044080       sf_get_chart_instance_ptr  0000000180045080 f   sfc_mex:sfc_sf.obj
 0001:000440a0       sf_load_rtw_optimization_info 00000001800450a0 f   sfc_mex:sfc_sf.obj
 0001:00044170       sf_update_buildInfo        0000000180045170 f   sfc_mex:sfc_sf.obj
 0001:00044270       sf_rtw_info_uint_prop      0000000180045270 f   sfc_mex:sfc_sf.obj
 0001:000443b0       sf_is_chart_inlinable      00000001800453b0 f   sfc_mex:sfc_sf.obj
 0001:000443d0       sf_mark_output_events_with_multiple_callers 00000001800453d0 f   sfc_mex:sfc_sf.obj
 0001:00044560       sf_mark_chart_reusable_outputs 0000000180045560 f   sfc_mex:sfc_sf.obj
 0001:000447c0       sf_mark_chart_expressionable_inputs 00000001800457c0 f   sfc_mex:sfc_sf.obj
 0001:00044a20       sf_get_subchart_simstruct  0000000180045a20 f   sfc_mex:sfc_sf.obj
 0001:00044a70       sf_get_fixpt_data_type_id  0000000180045a70 f   sfc_mex:sfc_sf.obj
 0001:00044ab0       sf_get_enum_data_type_id   0000000180045ab0 f   sfc_mex:sfc_sf.obj
 0001:00044af0       sf_get_param_data_type_id  0000000180045af0 f   sfc_mex:sfc_sf.obj
 0001:00044b20       sf_mex_listen_for_ctrl_c_force 0000000180045b20 f   sfc_mex:sfc_sf.obj
 0001:00044c30       sf_mex_draw_now            0000000180045c30 f   sfc_mex:sfc_sf.obj
 0001:00044c70       sf_mex_set_debugger_sim_status_listener_fcn 0000000180045c70 f   sfc_mex:sfc_sf.obj
 0001:00044c80       sf_mex_listen_for_ctrl_c   0000000180045c80 f   sfc_mex:sfc_sf.obj
 0001:00044d20       sf_mex_get_sfun_param      0000000180045d20 f   sfc_mex:sfc_sf.obj
 0001:00044d70       sf_get_runtime_param_data  0000000180045d70 f   sfc_mex:sfc_sf.obj
 0001:00044db0       sf_call_output_fcn_call    0000000180045db0 f   sfc_mex:sfc_sf.obj
 0001:00044ef0       sf_call_output_fcn_enable  0000000180045ef0 f   sfc_mex:sfc_sf.obj
 0001:00044f80       sf_call_output_fcn_disable 0000000180045f80 f   sfc_mex:sfc_sf.obj
 0001:00045010       sf_clear_rtw_identifier    0000000180046010 f   sfc_mex:sfc_sf.obj
 0001:00045830       sf_set_encoded_dwork_info  0000000180046830 f   sfc_mex:sfc_sf.obj
 0001:00045880       sf_get_dwork_info_from_mat_file 0000000180046880 f   sfc_mex:sfc_sf.obj
 0001:00045a40       sf_set_rtw_dwork_info      0000000180046a40 f   sfc_mex:sfc_sf.obj
 0001:00045bb0       mdlOutputs                 0000000180046bb0 f   sfc_mex:sfc_sf.obj
 0001:00045cd0       sf_debug_chart_instance_initialized_quick 0000000180046cd0 f   sfc_debug:sfcdebug.obj
 0001:00045d50       sf_debug_disp              0000000180046d50 f   sfc_debug:sfcdebug.obj
 0001:00046020       sf_debug_data_runtime_size_mismatch_error_check 0000000180047020 f   sfc_debug:sfcdebug.obj
 0001:000460d0       sf_debug_try_loading_machine 00000001800470d0 f   sfc_debug:sfcdebug.obj
 0001:000461d0       sf_debug_reset_current_state_configuration 00000001800471d0 f   sfc_debug:sfcdebug.obj
 0001:00046250       sf_debug_store_current_state_configuration 0000000180047250 f   sfc_debug:sfcdebug.obj
 0001:000462d0       sf_debug_restore_previous_state_configuration 00000001800472d0 f   sfc_debug:sfcdebug.obj
 0001:00046350       sf_debug_restore_previous_state_configuration2 0000000180047350 f   sfc_debug:sfcdebug.obj
 0001:000463d0       sf_debug_get_event_scope   00000001800473d0 f   sfc_debug:sfcdebug.obj
 0001:00046540       use_debugger_step_animation 0000000180047540 f   sfc_debug:sfcdebug.obj
 0001:00046560       sf_debug_get_script_id     0000000180047560 f   sfc_debug:sfcdebug.obj
 0001:000465f0       sf_debug_set_script_translation 00000001800475f0 f   sfc_debug:sfcdebug.obj
 0001:00046770       sf_debug_extract_message_post_receive_info 0000000180047770 f   sfc_debug:sfcdebug.obj
 0001:00046930       sf_debug_get_current_machine_id 0000000180047930 f   sfc_debug:sfcdebug.obj
 0001:00046950       sf_debug_get_current_optional_integer 0000000180047950 f   sfc_debug:sfcdebug.obj
 0001:00046960       sf_debug_get_current_machine_number 0000000180047960 f   sfc_debug:sfcdebug.obj
 0001:00046980       sf_debug_get_current_machine_name 0000000180047980 f   sfc_debug:sfcdebug.obj
 0001:000469a0       sf_debug_get_current_chart_id 00000001800479a0 f   sfc_debug:sfcdebug.obj
 0001:000469e0       sf_debug_get_current_chart_number 00000001800479e0 f   sfc_debug:sfcdebug.obj
 0001:000469f0       sf_debug_get_current_instance_number 00000001800479f0 f   sfc_debug:sfcdebug.obj
 0001:00046a00       sf_debug_get_current_is_minor_time_step 0000000180047a00 f   sfc_debug:sfcdebug.obj
 0001:00046a80       sf_debug_get_current_object_type 0000000180047a80 f   sfc_debug:sfcdebug.obj
 0001:00046a90       sf_debug_get_current_instance_handle 0000000180047a90 f   sfc_debug:sfcdebug.obj
 0001:00046af0       sf_debug_get_current_event_type 0000000180047af0 f   sfc_debug:sfcdebug.obj
 0001:00046b00       sf_debug_get_current_object_id 0000000180047b00 f   sfc_debug:sfcdebug.obj
 0001:00046b40       sf_debug_get_current_active_event_type 0000000180047b40 f   sfc_debug:sfcdebug.obj
 0001:00046b50       sf_debug_get_current_active_event_id 0000000180047b50 f   sfc_debug:sfcdebug.obj
 0001:00046b90       sf_debug_get_current_tag_type 0000000180047b90 f   sfc_debug:sfcdebug.obj
 0001:00046ba0       sf_debug_get_current_simulation_time 0000000180047ba0 f   sfc_debug:sfcdebug.obj
 0001:00046bb0       sf_debug_get_current_coverage_percentage 0000000180047bb0 f   sfc_debug:sfcdebug.obj
 0001:00046bc0       sf_debug_current_statement_context 0000000180047bc0 f   sfc_debug:sfcdebug.obj
 0001:00046c40       sf_debug_get_current_statement_info 0000000180047c40 f   sfc_debug:sfcdebug.obj
 0001:00046de0       sf_debug_terminate_instance 0000000180047de0 f   sfc_debug:sfcdebug.obj
 0001:00047100       sf_debug_assertion_failed  0000000180048100 f   sfc_debug:sfcdebug.obj
 0001:000472d0       sf_debug_create_debug_instance_struct 00000001800482d0 f   sfc_debug:sfcdebug.obj
 0001:00047320       sf_debug_set_number_of_data_with_change_event_for_machine 0000000180048320 f   sfc_debug:sfcdebug.obj
 0001:00047370       sf_debug_set_machine_event_thresholds 0000000180048370 f   sfc_debug:sfcdebug.obj
 0001:00047390       sf_debug_set_machine_event_scope 0000000180048390 f   sfc_debug:sfcdebug.obj
 0001:000473e0       sf_debug_set_machine_data_thresholds 00000001800483e0 f   sfc_debug:sfcdebug.obj
 0001:00047430       sf_debug_set_machine_data_scope 0000000180048430 f   sfc_debug:sfcdebug.obj
 0001:000474d0       sf_debug_set_machine_data_name 00000001800484d0 f   sfc_debug:sfcdebug.obj
 0001:00047580       sf_debug_set_machine_data_size 0000000180048580 f   sfc_debug:sfcdebug.obj
 0001:000476d0       sf_debug_set_machine_data_type 00000001800486d0 f   sfc_debug:sfcdebug.obj
 0001:00047840       sf_debug_get_chart_data_number 0000000180048840 f   sfc_debug:sfcdebug.obj
 0001:00047860       sf_debug_get_chart_event_number 0000000180048860 f   sfc_debug:sfcdebug.obj
 0001:00047880       sf_debug_set_chart_state_info 0000000180048880 f   sfc_debug:sfcdebug.obj
 0001:00047910       sf_debug_set_chart_decomposition 0000000180048910 f   sfc_debug:sfcdebug.obj
 0001:00047980       sf_debug_set_chart_substate_count 0000000180048980 f   sfc_debug:sfcdebug.obj
 0001:00047a60       sf_debug_set_chart_substate_index 0000000180048a60 f   sfc_debug:sfcdebug.obj
 0001:00047ae0       sf_debug_set_chart_state_substate_count 0000000180048ae0 f   sfc_debug:sfcdebug.obj
 0001:00047c00       sf_debug_set_chart_state_substate_index 0000000180048c00 f   sfc_debug:sfcdebug.obj
 0001:00047c90       sf_debug_set_number_of_data_with_change_event_for_chart 0000000180048c90 f   sfc_debug:sfcdebug.obj
 0001:00047d20       sf_debug_set_number_of_states_with_entry_event_for_chart 0000000180048d20 f   sfc_debug:sfcdebug.obj
 0001:00047da0       sf_debug_set_number_of_states_with_exit_event_for_chart 0000000180048da0 f   sfc_debug:sfcdebug.obj
 0001:00047e20       sf_debug_set_chart_disable_implicit_casting 0000000180048e20 f   sfc_debug:sfcdebug.obj
 0001:00047e90       sf_debug_set_chart_event_thresholds 0000000180048e90 f   sfc_debug:sfcdebug.obj
 0001:00047f10       sf_debug_set_chart_data_compiled_props 0000000180048f10 f   sfc_debug:sfcdebug.obj
 0001:00048250       sf_debug_set_chart_data_props 0000000180049250 f   sfc_debug:sfcdebug.obj
 0001:00048570       sf_debug_check_fi_license  0000000180049570 f   sfc_debug:sfcdebug.obj
 0001:00048730       sf_debug_symbol_scope_push 0000000180049730 f   sfc_debug:sfcdebug.obj
 0001:00048770       sf_debug_symbol_scope_push_eml 0000000180049770 f   sfc_debug:sfcdebug.obj
 0001:000487c0       sf_debug_symbol_scope_pop  00000001800497c0 f   sfc_debug:sfcdebug.obj
 0001:00048800       sf_debug_symbol_scope_add_importable 0000000180049800 f   sfc_debug:sfcdebug.obj
 0001:00048880       sf_debug_symbol_scope_add  0000000180049880 f   sfc_debug:sfcdebug.obj
 0001:00048900       sf_debug_symbol_scope_add_dyn_importable 0000000180049900 f   sfc_debug:sfcdebug.obj
 0001:000489c0       sf_debug_symbol_scope_add_dyn 00000001800499c0 f   sfc_debug:sfcdebug.obj
 0001:00048a00       sf_debug_symbol_scope_add_eml_importable 0000000180049a00 f   sfc_debug:sfcdebug.obj
 0001:00048a40       sf_debug_symbol_scope_add_eml 0000000180049a40 f   sfc_debug:sfcdebug.obj
 0001:00048a80       sf_debug_symbol_scope_add_eml_dyn_importable 0000000180049a80 f   sfc_debug:sfcdebug.obj
 0001:00048ae0       sf_debug_symbol_scope_add_eml_dyn 0000000180049ae0 f   sfc_debug:sfcdebug.obj
 0001:00048b40       sf_debug_symbol_switch     0000000180049b40 f   sfc_debug:sfcdebug.obj
 0001:00048b60       sf_debug_symbol_scope_add_verbose 0000000180049b60 f   sfc_debug:sfcdebug.obj
 0001:00048c30       sf_debug_set_machine_data_value_ptr 0000000180049c30 f   sfc_debug:sfcdebug.obj
 0001:00048c70       sf_debug_set_instance_data_value_ptr 0000000180049c70 f   sfc_debug:sfcdebug.obj
 0001:00048d40       sf_debug_unset_instance_data_value_ptr 0000000180049d40 f   sfc_debug:sfcdebug.obj
 0001:00048df0       sf_debug_set_chart_event_scope 0000000180049df0 f   sfc_debug:sfcdebug.obj
 0001:00048e70       sf_debug_set_chart_transition_coverage_maps 0000000180049e70 f   sfc_debug:sfcdebug.obj
 0001:00048f70       sf_debug_set_chart_state_coverage_maps 0000000180049f70 f   sfc_debug:sfcdebug.obj
 0001:00049040       sf_debug_set_instance_transition_coverage_weights 000000018004a040 f   sfc_debug:sfcdebug.obj
 0001:000490d0       sf_debug_set_instance_state_coverage_weights 000000018004a0d0 f   sfc_debug:sfcdebug.obj
 0001:00049320       sf_debug_unload_machine    000000018004a320 f   sfc_debug:sfcdebug.obj
 0001:00049370       sf_debug_load_machine      000000018004a370 f   sfc_debug:sfcdebug.obj
 0001:00049480       sf_debug_set_active_instance_in_data_dictionary 000000018004a480 f   sfc_debug:sfcdebug.obj
 0001:00049660       sf_debug_set_active_instance 000000018004a660 f   sfc_debug:sfcdebug.obj
 0001:000497c0       sf_debug_chart_visiblity_change 000000018004a7c0 f   sfc_debug:sfcdebug.obj
 0001:000498b0       sf_debug_select_chart      000000018004a8b0 f   sfc_debug:sfcdebug.obj
 0001:00049a10       sf_debug_set_instance_cv_ids 000000018004aa10 f   sfc_debug:sfcdebug.obj
 0001:00049d40       sf_debug_select_charts     000000018004ad40 f   sfc_debug:sfcdebug.obj
 0001:00049ef0       sf_debug_initialized       000000018004aef0 f   sfc_debug:sfcdebug.obj
 0001:00049f10       sf_debug_is_uninterruptible 000000018004af10 f   sfc_debug:sfcdebug.obj
 0001:00049f40       sf_debug_initialize_debugger_gui 000000018004af40 f   sfc_debug:sfcdebug.obj
 0001:0004a320       sf_debug_resume            000000018004b320 f   sfc_debug:sfcdebug.obj
 0001:0004a340       sf_debug_go                000000018004b340 f   sfc_debug:sfcdebug.obj
 0001:0004a350       sf_debug_break             000000018004b350 f   sfc_debug:sfcdebug.obj
 0001:0004a360       sf_debug_step_over         000000018004b360 f   sfc_debug:sfcdebug.obj
 0001:0004a370       sf_debug_step_out          000000018004b370 f   sfc_debug:sfcdebug.obj
 0001:0004a380       sf_debug_set_disable_all_breakpoints 000000018004b380 f   sfc_debug:sfcdebug.obj
 0001:0004a390       sf_debug_disable_all_breakpoints_and_go 000000018004b390 f   sfc_debug:sfcdebug.obj
 0001:0004a3a0       sf_debug_break_on_chart_entry 000000018004b3a0 f   sfc_debug:sfcdebug.obj
 0001:0004a3b0       sf_debug_break_on_event_broadcast 000000018004b3b0 f   sfc_debug:sfcdebug.obj
 0001:0004a3c0       sf_debug_break_on_state_entry 000000018004b3c0 f   sfc_debug:sfcdebug.obj
 0001:0004a3d0       sf_debug_break_between_times 000000018004b3d0 f   sfc_debug:sfcdebug.obj
 0001:0004a3f0       sf_debug_browse_data       000000018004b3f0 f   sfc_debug:sfcdebug.obj
 0001:0004a400       sf_debug_watch_data        000000018004b400 f   sfc_debug:sfcdebug.obj
 0001:0004a430       sf_debug_assign_data       000000018004b430 f   sfc_debug:sfcdebug.obj
 0001:0004a440       sf_debug_whos              000000018004b440 f   sfc_debug:sfcdebug.obj
 0001:0004a460       sf_debug_get_consistency_info 000000018004b460 f   sfc_debug:sfcdebug.obj
 0001:0004a470       sf_debug_browse_trace      000000018004b470 f   sfc_debug:sfcdebug.obj
 0001:0004a480       sf_debug_set_breakpoints   000000018004b480 f   sfc_debug:sfcdebug.obj
 0001:0004a5f0       sf_debug_set_eml_breakpoints 000000018004b5f0 f   sfc_debug:sfcdebug.obj
 0001:0004a750       sf_debug_set_script_breakpoints 000000018004b750 f   sfc_debug:sfcdebug.obj
 0001:0004a7d0       sf_debug_add_script_breakpoints 000000018004b7d0 f   sfc_debug:sfcdebug.obj
 0001:0004a840       sf_debug_clear_script_breakpoints 000000018004b840 f   sfc_debug:sfcdebug.obj
 0001:0004a8b0       sf_debug_query_script_breakpoints 000000018004b8b0 f   sfc_debug:sfcdebug.obj
 0001:0004a960       sf_debug_get_eml_script_id 000000018004b960 f   sfc_debug:sfcdebug.obj
 0001:0004a9b0       sf_debug_set_watch         000000018004b9b0 f   sfc_debug:sfcdebug.obj
 0001:0004abd0       sf_debug_get_instance_handle 000000018004bbd0 f   sfc_debug:sfcdebug.obj
 0001:0004ac60       sf_debug_get_active_states 000000018004bc60 f   sfc_debug:sfcdebug.obj
 0001:0004ac70       sf_debug_set_honor_breakpoints 000000018004bc70 f   sfc_debug:sfcdebug.obj
 0001:0004ac80       sf_debug_get_animation     000000018004bc80 f   sfc_debug:sfcdebug.obj
 0001:0004ac90       sf_debug_set_animation     000000018004bc90 f   sfc_debug:sfcdebug.obj
 0001:0004aca0       sf_debug_animate           000000018004bca0 f   sfc_debug:sfcdebug.obj
 0001:0004acc0       sf_debug_cycle_detection_check 000000018004bcc0 f   sfc_debug:sfcdebug.obj
 0001:0004acd0       sf_debug_data_range_check  000000018004bcd0 f   sfc_debug:sfcdebug.obj
 0001:0004ace0       sf_debug_transition_conflict_check 000000018004bce0 f   sfc_debug:sfcdebug.obj
 0001:0004acf0       sf_debug_state_consistency_check 000000018004bcf0 f   sfc_debug:sfcdebug.obj
 0001:0004ad00       sf_debug_data_range_check_enabled 000000018004bd00 f   sfc_debug:sfcdebug.obj
 0001:0004ad20       sf_debug_transition_conflict_check_enabled 000000018004bd20 f   sfc_debug:sfcdebug.obj
 0001:0004ad40       sf_debug_transition_conflict_check_begin 000000018004bd40 f   sfc_debug:sfcdebug.obj
 0001:0004ad60       sf_debug_transition_conflict_check_end 000000018004bd60 f   sfc_debug:sfcdebug.obj
 0001:0004ad80       sf_debug_stop_debugging    000000018004bd80 f   sfc_debug:sfcdebug.obj
 0001:0004adb0       sf_debug_is_cycle_detected 000000018004bdb0 f   sfc_debug:sfcdebug.obj
 0001:0004adc0       sf_debug_is_array_bounds_detected 000000018004bdc0 f   sfc_debug:sfcdebug.obj
 0001:0004add0       sf_debug_get_state_vectors_data_size 000000018004bdd0 f   sfc_debug:sfcdebug.obj
 0001:0004ae10       sf_debug_get_state_vectors_data 000000018004be10 f   sfc_debug:sfcdebug.obj
 0001:0004af20       sf_debug_set_state_vectors_data 000000018004bf20 f   sfc_debug:sfcdebug.obj
 0001:0004b1b0       sf_debug_get_script_index  000000018004c1b0 f   sfc_debug:sfcdebug.obj
 0001:0004b340       sf_debug_add_script        000000018004c340 f   sfc_debug:sfcdebug.obj
 0001:0004b4d0       cv_eval_point              000000018004c4d0 f   sfc_debug:sfcdebug.obj
 0001:0004b640       cv_eval_testobjective      000000018004c640 f   sfc_debug:sfcdebug.obj
 0001:0004b750       sf_debug_cv_init_state     000000018004c750 f   sfc_debug:sfcdebug.obj
 0001:0004b880       sf_debug_cv_init_chart     000000018004c880 f   sfc_debug:sfcdebug.obj
 0001:0004b970       sf_debug_cv_init_trans     000000018004c970 f   sfc_debug:sfcdebug.obj
 0001:0004ba80       sf_debug_cv_init_saturation 000000018004ca80 f   sfc_debug:sfcdebug.obj
 0001:0004bb80       sf_debug_cv_init_testobjectives 000000018004cb80 f   sfc_debug:sfcdebug.obj
 0001:0004bd60       cv_eml_init_script         000000018004cd60 f   sfc_debug:sfcdebug.obj
 0001:0004be80       cv_eml_init_fcn            000000018004ce80 f   sfc_debug:sfcdebug.obj
 0001:0004bf90       cv_eml_init_testobjective  000000018004cf90 f   sfc_debug:sfcdebug.obj
 0001:0004c070       cv_eml_init_saturation     000000018004d070 f   sfc_debug:sfcdebug.obj
 0001:0004c140       cv_eml_init_if             000000018004d140 f   sfc_debug:sfcdebug.obj
 0001:0004c220       cv_eml_init_for            000000018004d220 f   sfc_debug:sfcdebug.obj
 0001:0004c2f0       cv_eml_init_while          000000018004d2f0 f   sfc_debug:sfcdebug.obj
 0001:0004c3c0       cv_eml_init_mcdc           000000018004d3c0 f   sfc_debug:sfcdebug.obj
 0001:0004c4e0       cv_eml_init_switch         000000018004d4e0 f   sfc_debug:sfcdebug.obj
 0001:0004c5e0       cv_eml_eval                000000018004d5e0 f   sfc_debug:sfcdebug.obj
 0001:0004c6d0       sf_debug_bm_is_a_eml_breakpoint 000000018004d6d0 f   sfc_debug:sfcdebug.obj
 0001:0004c820       sf_debug_temporal_threshold 000000018004d820 f   sfc_debug:sfcdebug.obj
 0001:0004cb90       sf_debug_transition_conflict_error 000000018004db90 f   sfc_debug:sfcdebug.obj
 0001:0004cef0       sf_debug_state_inconsistency_error 000000018004def0 f   sfc_debug:sfcdebug.obj
 0001:0004d010       sf_debug_check_for_state_inconsistency 000000018004e010 f   sfc_debug:sfcdebug.obj
 0001:0004d050       sf_debug_cycle_detecton_error 000000018004e050 f   sfc_debug:sfcdebug.obj
 0001:0004d7a0       sf_debug_size_eq_check_1d  000000018004e7a0 f   sfc_debug:sfcdebug.obj
 0001:0004d7c0       sf_debug_size_eq_check_nd  000000018004e7c0 f   sfc_debug:sfcdebug.obj
 0001:0004d9c0       sf_debug_dim_size_eq_check 000000018004e9c0 f   sfc_debug:sfcdebug.obj
 0001:0004d9f0       sf_debug_dim_size_geq_check 000000018004e9f0 f   sfc_debug:sfcdebug.obj
 0001:0004da20       sf_debug_sub_assign_size_check_nd 000000018004ea20 f   sfc_debug:sfcdebug.obj
 0001:0004dc00       sf_debug_matrix_matrix_index_check 000000018004ec00 f   sfc_debug:sfcdebug.obj
 0001:0004dc50       sf_debug_vector_vector_index_check 000000018004ec50 f   sfc_debug:sfcdebug.obj
 0001:0004dca0       sf_debug_for_loop_vector_check 000000018004eca0 f   sfc_debug:sfcdebug.obj
 0001:0004dd40       sf_debug_runtime_error_msgid 000000018004ed40 f   sfc_debug:sfcdebug.obj
 0001:0004dde0       sf_debug_data_array_bounds_error_check 000000018004ede0 f   sfc_debug:sfcdebug.obj
 0001:0004def0       sf_debug_eml_data_array_bounds_error_check 000000018004eef0 f   sfc_debug:sfcdebug.obj
 0001:0004e3b0       sf_debug_integer_check     000000018004f3b0 f   sfc_debug:sfcdebug.obj
 0001:0004e4a0       sf_debug_not_nan_check     000000018004f4a0 f   sfc_debug:sfcdebug.obj
 0001:0004e570       sf_debug_non_negative_check 000000018004f570 f   sfc_debug:sfcdebug.obj
 0001:0004e640       sf_debug_overflow_detection 000000018004f640 f   sfc_debug:sfcdebug.obj
 0001:0004eca0       sf_debug_cast_to_real32_T  000000018004fca0 f   sfc_debug:sfcdebug.obj
 0001:0004ed70       sf_debug_cast_to_int8_T    000000018004fd70 f   sfc_debug:sfcdebug.obj
 0001:0004ee40       sf_debug_cast_to_uint8_T   000000018004fe40 f   sfc_debug:sfcdebug.obj
 0001:0004ef10       sf_debug_cast_to_int16_T   000000018004ff10 f   sfc_debug:sfcdebug.obj
 0001:0004efe0       sf_debug_cast_to_uint16_T  000000018004ffe0 f   sfc_debug:sfcdebug.obj
 0001:0004f0b0       sf_debug_cast_to_int32_T   00000001800500b0 f   sfc_debug:sfcdebug.obj
 0001:0004f180       sf_debug_cast_to_uint32_T  0000000180050180 f   sfc_debug:sfcdebug.obj
 0001:0004f250       sf_debug_data_range_error  0000000180050250 f   sfc_debug:sfcdebug.obj
 0001:0004f560       sf_debug_read_before_write_check 0000000180050560 f   sfc_debug:sfcdebug.obj
 0001:0004f990       sf_debug_data_range_error_wrapper_min_max 0000000180050990 f   sfc_debug:sfcdebug.obj
 0001:0004fab0       sf_debug_data_range_error_wrapper_min 0000000180050ab0 f   sfc_debug:sfcdebug.obj
 0001:0004fbc0       sf_debug_data_range_error_wrapper_max 0000000180050bc0 f   sfc_debug:sfcdebug.obj
 0001:0004fcd0       sf_debug_data_range_wrapper 0000000180050cd0 f   sfc_debug:sfcdebug.obj
 0001:0004fd90       sf_debug_set_current_status_info 0000000180050d90 f   sfc_debug:sfcdebug.obj
 0001:00050130       sf_debug_register_message_post_receive_info 0000000180051130 f   sfc_debug:sfcdebug.obj
 0001:00050380       sf_debug_call              0000000180051380 f   sfc_debug:sfcdebug.obj
 0001:00050ce0       sf_debug_initialize_machine 0000000180051ce0 f   sfc_debug:sfcdebug.obj
 0001:00050f90       sf_debug_initialize_chart  0000000180051f90 f   sfc_debug:sfcdebug.obj
 0001:000513e0       sf_debug_ensure_script     00000001800523e0 f   sfc_debug:sfcdebug.obj
 0001:00051490       cv_eval_saturation         0000000180052490 f   sfc_debug:sfcdebug.obj
 0001:00051610       cv_saturation_accum        0000000180052610 f   sfc_debug:sfcdebug.obj
 0001:00051750       cv_script_init_script      0000000180052750 f   sfc_debug:sfcdebug.obj
 0001:00051840       cv_script_init_fcn         0000000180052840 f   sfc_debug:sfcdebug.obj
 0001:00051900       cv_script_init_testobjective 0000000180052900 f   sfc_debug:sfcdebug.obj
 0001:000519c0       cv_script_init_saturation  00000001800529c0 f   sfc_debug:sfcdebug.obj
 0001:00051a70       cv_script_init_if          0000000180052a70 f   sfc_debug:sfcdebug.obj
 0001:00051b30       cv_script_init_for         0000000180052b30 f   sfc_debug:sfcdebug.obj
 0001:00051be0       cv_script_init_while       0000000180052be0 f   sfc_debug:sfcdebug.obj
 0001:00051c90       cv_script_init_mcdc        0000000180052c90 f   sfc_debug:sfcdebug.obj
 0001:00051d90       cv_script_init_switch      0000000180052d90 f   sfc_debug:sfcdebug.obj
 0001:00051e70       cv_script_eval             0000000180052e70 f   sfc_debug:sfcdebug.obj
 0001:00051f40       eml_debug_line_call        0000000180052f40 f   sfc_debug:sfcdebug.obj
 0001:00052110       sf_debug_terminate         0000000180053110 f   sfc_debug:sfcdebug.obj
 0001:00052320       sf_debug_set_script_cv_ids 0000000180053320 f   sfc_debug:sfcdebug.obj
 0001:00052450       sf_debug_api               0000000180053450 f   sfc_debug:sfc_api.obj
 0001:00053d40       sf_debug_sm_terminate      0000000180054d40 f   sfc_debug:sfdb_animation.obj
 0001:00053ef0       sf_debug_reset_path_objects 0000000180054ef0 f   sfc_debug:sfdb_animation.obj
 0001:00053f70       sf_debug_sm_reset_object_selection_status 0000000180054f70 f   sfc_debug:sfdb_animation.obj
 0001:00054010       sf_debug_sm_reset_state_buffer 0000000180055010 f   sfc_debug:sfdb_animation.obj
 0001:000540e0       sf_debug_sm_store_state_buffer 00000001800550e0 f   sfc_debug:sfdb_animation.obj
 0001:00054160       sf_debug_sm_restore_state_buffer1 0000000180055160 f   sfc_debug:sfdb_animation.obj
 0001:000541d0       sf_debug_sm_restore_state_buffer2 00000001800551d0 f   sfc_debug:sfdb_animation.obj
 0001:00054240       sf_debug_sm_chart_active   0000000180055240 f   sfc_debug:sfdb_animation.obj
 0001:00054290       sf_debug_sm_select_active_objects 0000000180055290 f   sfc_debug:sfdb_animation.obj
 0001:00054760       sf_debug_sm_is_chart_active 0000000180055760 f   sfc_debug:sfdb_animation.obj
 0001:000547a0       sf_debug_sm_is_state_active 00000001800557a0 f   sfc_debug:sfdb_animation.obj
 0001:000549e0       sf_debug_sm_get_active_states 00000001800559e0 f   sfc_debug:sfdb_animation.obj
 0001:00054f90       sf_debug_sm_initialize_instance 0000000180055f90 f   sfc_debug:sfdb_animation.obj
 0001:000551a0       sf_debug_sm_change_object_selection_status 00000001800561a0 f   sfc_debug:sfdb_animation.obj
 0001:00055470       cv_create_interface        0000000180056470 f   sfc_debug:cv_sfinterface.obj
 0001:00055780       cv_init_trans              0000000180056780 f   sfc_debug:cv_sfinterface.obj
 0001:000557d0       cv_init_saturation         00000001800567d0 f   sfc_debug:cv_sfinterface.obj
 0001:00055810       cv_init_testobjective      0000000180056810 f   sfc_debug:cv_sfinterface.obj
 0001:00055850       cv_init_state              0000000180056850 f   sfc_debug:cv_sfinterface.obj
 0001:000558c0       cv_init_chart              00000001800568c0 f   sfc_debug:cv_sfinterface.obj
 0001:00055910       cv_dec_update_call         0000000180056910 f   sfc_debug:cv_sfinterface.obj
 0001:00055950       cv_cond_update_call        0000000180056950 f   sfc_debug:cv_sfinterface.obj
 0001:00055990       cv_saturation_update_call  0000000180056990 f   sfc_debug:cv_sfinterface.obj
 0001:000559d0       cv_saturation_update_accum 00000001800569d0 f   sfc_debug:cv_sfinterface.obj
 0001:00055a10       cv_testobjective_update_call 0000000180056a10 f   sfc_debug:cv_sfinterface.obj
 0001:00055a50       cv_sigrange_update         0000000180056a50 f   sfc_debug:cv_sfinterface.obj
 0001:00055a90       cvsf_eml_eval              0000000180056a90 f   sfc_debug:cv_sfinterface.obj
 0001:00055b70       cvsf_eml_init_script       0000000180056b70 f   sfc_debug:cv_sfinterface.obj
 0001:00055c00       cvsf_eml_init_fcn          0000000180056c00 f   sfc_debug:cv_sfinterface.obj
 0001:00055c60       cvsf_eml_init_testobjective 0000000180056c60 f   sfc_debug:cv_sfinterface.obj
 0001:00055cc0       cvsf_eml_init_saturation   0000000180056cc0 f   sfc_debug:cv_sfinterface.obj
 0001:00055d10       cvsf_eml_init_if           0000000180056d10 f   sfc_debug:cv_sfinterface.obj
 0001:00055d70       cvsf_eml_init_for          0000000180056d70 f   sfc_debug:cv_sfinterface.obj
 0001:00055dc0       cvsf_eml_init_while        0000000180056dc0 f   sfc_debug:cv_sfinterface.obj
 0001:00055e10       cvsf_eml_init_mcdc         0000000180056e10 f   sfc_debug:cv_sfinterface.obj
 0001:00055ea0       cvsf_eml_init_switch       0000000180056ea0 f   sfc_debug:cv_sfinterface.obj
 0001:00055f10       cvsf_script_eval           0000000180056f10 f   sfc_debug:cv_sfinterface.obj
 0001:00055ff0       cvsf_script_init_script    0000000180056ff0 f   sfc_debug:cv_sfinterface.obj
 0001:00056080       cvsf_script_init_fcn       0000000180057080 f   sfc_debug:cv_sfinterface.obj
 0001:000560e0       cvsf_script_init_testobjective 00000001800570e0 f   sfc_debug:cv_sfinterface.obj
 0001:00056140       cvsf_script_init_saturation 0000000180057140 f   sfc_debug:cv_sfinterface.obj
 0001:00056190       cvsf_script_init_if        0000000180057190 f   sfc_debug:cv_sfinterface.obj
 0001:000561f0       cvsf_script_init_for       00000001800571f0 f   sfc_debug:cv_sfinterface.obj
 0001:00056240       cvsf_script_init_while     0000000180057240 f   sfc_debug:cv_sfinterface.obj
 0001:00056290       cvsf_script_init_mcdc      0000000180057290 f   sfc_debug:cv_sfinterface.obj
 0001:00056320       cvsf_script_init_switch    0000000180057320 f   sfc_debug:cv_sfinterface.obj
 0001:00056390       cv_destroy_interface       0000000180057390 f   sfc_debug:cv_sfinterface.obj
 0001:000563b0       cv_create_instance_objects 00000001800573b0 f   sfc_debug:cv_sfinterface.obj
 0001:00056820       cv_is_enabled              0000000180057820 f   sfc_debug:cv_sfinterface.obj
 0001:00056830       sf_debug_cv_initialize_script 0000000180057830 f   sfc_debug:cv_sfinterface.obj
 0001:000569c0       sf_debug_cv_initialize_instance 00000001800579c0 f   sfc_debug:cv_sfinterface.obj
 0001:00056d50       sf_debug_cv_terminate_chart 0000000180057d50 f   sfc_debug:cv_sfinterface.obj
 0001:00056e70       cv_call_trans_test         0000000180057e70 f   sfc_debug:cv_sfinterface.obj
 0001:00056e80       cv_call_sub_cond_test      0000000180057e80 f   sfc_debug:cv_sfinterface.obj
 0001:00056ec0       sf_debug_st_initialize_machine 0000000180057ec0 f   sfc_debug:sfdb_data_browse.obj
 0001:00056f70       sf_debug_st_initialize_instance 0000000180057f70 f   sfc_debug:sfdb_data_browse.obj
 0001:00057180       sf_debug_st_terminate      0000000180058180 f   sfc_debug:sfdb_data_browse.obj
 0001:00057520       sf_debug_st_set_data_value_ptr_in_machine 0000000180058520 f   sfc_debug:sfdb_data_browse.obj
 0001:000575b0       sf_debug_st_set_data_value_ptr_in_instance 00000001800585b0 f   sfc_debug:sfdb_data_browse.obj
 0001:00057690       sf_debug_st_unset_data_value_ptr_in_machine 0000000180058690 f   sfc_debug:sfdb_data_browse.obj
 0001:00057700       sf_debug_st_unset_data_value_ptr_in_instance 0000000180058700 f   sfc_debug:sfdb_data_browse.obj
 0001:000579c0       sf_debug_mx_value          00000001800589c0 f   sfc_debug:sfdb_data_browse.obj
 0001:00057a20       sf_debug_mx_packed_vector  0000000180058a20 f   sfc_debug:sfdb_data_browse.obj
 0001:00057b00       sf_debug_mx_uint_vector    0000000180058b00 f   sfc_debug:sfdb_data_browse.obj
 0001:00057bb0       sf_debug_st_get_double_value_from_void_ptr_vector 0000000180058bb0 f   sfc_debug:sfdb_data_browse.obj
 0001:00058690       sf_debug_st_browse_data    0000000180059690 f   sfc_debug:sfdb_data_browse.obj
 0001:00058ed0       sf_debug_hm_initialize_instance 0000000180059ed0 f   sfc_debug:sfdb_handle_management.obj
 0001:000593b0       sf_debug_hm_get_object_id  000000018005a3b0 f   sfc_debug:sfdb_handle_management.obj
 0001:00059f60       sf_debug_hm_update_chart_visibility 000000018005af60 f   sfc_debug:sfdb_handle_management.obj
 0001:0005b150       sf_debug_object_is_eml_function 000000018005c150 f   sfc_debug:sfdb_handle_management.obj
 0001:0005b1c0       sf_debug_hm_initialize_ids_in_machine 000000018005c1c0 f   sfc_debug:sfdb_handle_management.obj
 0001:0005b330       sf_debug_hm_initialize_ids_in_chart 000000018005c330 f   sfc_debug:sfdb_handle_management.obj
 0001:0005b430       sf_debug_hm_initialize_chart 000000018005c430 f   sfc_debug:sfdb_handle_management.obj
 0001:0005bb30       sf_debug_hm_terminate      000000018005cb30 f   sfc_debug:sfdb_handle_management.obj
 0001:0005bb90       sf_debug_hm_initialize_machine 000000018005cb90 f   sfc_debug:sfdb_handle_management.obj
 0001:0005c2b0       sf_debug_ss_initialize     000000018005d2b0 f   sfc_debug:sfdb_symbol_scope.obj
 0001:0005c2d0       sf_debug_ss_terminate      000000018005d2d0 f   sfc_debug:sfdb_symbol_scope.obj
 0001:0005c360       sf_debug_ss_push_symbol_scope 000000018005d360 f   sfc_debug:sfdb_symbol_scope.obj
 0001:0005c460       sf_debug_ss_push_symbol_scope_eml 000000018005d460 f   sfc_debug:sfdb_symbol_scope.obj
 0001:0005c4c0       sf_debug_ss_pop_symbol_scope 000000018005d4c0 f   sfc_debug:sfdb_symbol_scope.obj
 0001:0005c570       sf_debug_ss_add_symbol     000000018005d570 f   sfc_debug:sfdb_symbol_scope.obj
 0001:0005c6e0       sf_debug_ss_add_symbol_eml 000000018005d6e0 f   sfc_debug:sfdb_symbol_scope.obj
 0001:0005d5e0       sf_debug_ss_set_data_value 000000018005e5e0 f   sfc_debug:sfdb_symbol_scope.obj
 0001:0005da30       getInstanceNumber          000000018005ea30 f   sfc_debug:sfdb_symbol_scope.obj
 0001:0005db00       sf_debug_ss_watch_data     000000018005eb00 f   sfc_debug:sfdb_symbol_scope.obj
 0001:0005dcf0       sf_debug_ss_assign_data    000000018005ecf0 f   sfc_debug:sfdb_symbol_scope.obj
 0001:0005e700       get_data_entry_name        000000018005f700 f   sfc_debug:sfdb_symbol_scope.obj
 0001:0005e750       sf_debug_ss_whos           000000018005f750 f   sfc_debug:sfdb_symbol_scope.obj
 0001:0005eda0       sf_debug_cc_initialize_chart 000000018005fda0 f   sfc_debug:sfdb_coverage.obj
 0001:0005f790       sf_debug_cc_initialize_instance 0000000180060790 f   sfc_debug:sfdb_coverage.obj
 0001:000604d0       sf_debug_cc_terminate      00000001800614d0 f   sfc_debug:sfdb_coverage.obj
 0001:000605c0       sf_debug_cc_set_transition_maps 00000001800615c0 f   sfc_debug:sfdb_coverage.obj
 0001:000606f0       sf_debug_cc_set_state_maps 00000001800616f0 f   sfc_debug:sfdb_coverage.obj
 0001:000607d0       sf_debug_cc_set_transition_weights 00000001800617d0 f   sfc_debug:sfdb_coverage.obj
 0001:00060a90       sf_debug_cc_set_state_weights 0000000180061a90 f   sfc_debug:sfdb_coverage.obj
 0001:00060d60       sf_debug_cc_mark_transition_guard 0000000180061d60 f   sfc_debug:sfdb_coverage.obj
 0001:00060df0       sf_debug_cc_mark_transition_trigger 0000000180061df0 f   sfc_debug:sfdb_coverage.obj
 0001:00060e80       sf_debug_cc_mark_transition_decision 0000000180061e80 f   sfc_debug:sfdb_coverage.obj
 0001:00060ef0       sf_debug_cc_mark_transition_condition_action 0000000180061ef0 f   sfc_debug:sfdb_coverage.obj
 0001:00060f40       sf_debug_cc_mark_transition_transition_action 0000000180061f40 f   sfc_debug:sfdb_coverage.obj
 0001:00060f90       sf_debug_cc_mark_state_entry 0000000180061f90 f   sfc_debug:sfdb_coverage.obj
 0001:00060fe0       sf_debug_cc_mark_state_during 0000000180061fe0 f   sfc_debug:sfdb_coverage.obj
 0001:00061030       sf_debug_cc_mark_state_exit 0000000180062030 f   sfc_debug:sfdb_coverage.obj
 0001:00061080       sf_debug_bm_clear_script_breakpoints 0000000180062080 f   sfc_debug:sfdb_breakpoints.obj
 0001:000610b0       sf_debug_bm_set_script_breakpoint 00000001800620b0 f   sfc_debug:sfdb_breakpoints.obj
 0001:00061130       sf_debug_bm_clear_single_script_breakpoint 0000000180062130 f   sfc_debug:sfdb_breakpoints.obj
 0001:000611b0       sf_debug_bm_query_script_breakpoint 00000001800621b0 f   sfc_debug:sfdb_breakpoints.obj
 0001:00061200       sf_debug_bm_initialize_scripts 0000000180062200 f   sfc_debug:sfdb_breakpoints.obj
 0001:00061890       sf_debug_bm_terminate      0000000180062890 f   sfc_debug:sfdb_breakpoints.obj
 0001:00061b70       sf_debug_bm_remove_all_breakpoints_in_machine 0000000180062b70 f   sfc_debug:sfdb_breakpoints.obj
 0001:00061bd0       sf_debug_bm_remove_all_breakpoints_in_chart 0000000180062bd0 f   sfc_debug:sfdb_breakpoints.obj
 0001:00061d20       sf_debug_bm_initialize_global_breakpoints 0000000180062d20 f   sfc_debug:sfdb_breakpoints.obj
 0001:00061ea0       sf_debug_bm_set_breakpoint 0000000180062ea0 f   sfc_debug:sfdb_breakpoints.obj
 0001:00062460       sf_debug_bm_set_eml_breakpoint 0000000180063460 f   sfc_debug:sfdb_breakpoints.obj
 0001:000624f0       sf_debug_bm_initialize_machine_breakpoint_map 00000001800634f0 f   sfc_debug:sfdb_breakpoints.obj
 0001:00062910       sf_debug_bm_is_a_breakpoint 0000000180063910 f   sfc_debug:sfdb_breakpoints.obj
 0001:00062e30       sf_debug_bm_get_all_breakpoints_in_machine 0000000180063e30 f   sfc_debug:sfdb_breakpoints.obj
 0001:00063130       sf_debug_bm_get_all_breakpoints_in_chart 0000000180064130 f   sfc_debug:sfdb_breakpoints.obj
 0001:00063cc0       sf_debug_bm_initialize_machine 0000000180064cc0 f   sfc_debug:sfdb_breakpoints.obj
 0001:00063d90       sf_debug_bm_initialize_chart 0000000180064d90 f   sfc_debug:sfdb_breakpoints.obj
 0001:00064180       sf_debug_sc_terminate      0000000180065180 f   sfc_debug:sfdb_state_consistency.obj
 0001:000644a0       sf_debug_sc_is_chart_consistent 00000001800654a0 f   sfc_debug:sfdb_state_consistency.obj
 0001:00064750       sf_debug_sc_get_consistency_error_info 0000000180065750 f   sfc_debug:sfdb_state_consistency.obj
 0001:00064b60       sf_debug_tm_terminate      0000000180065b60 f   sfc_debug:sfdb_call_stack.obj
 0001:00064c10       sf_debug_tm_push_chart_instance 0000000180065c10 f   sfc_debug:sfdb_call_stack.obj
 0001:00064d50       sf_debug_tm_pop_chart_instance 0000000180065d50 f   sfc_debug:sfdb_call_stack.obj
 0001:00064db0       sf_debug_tm_push_trace_node 0000000180065db0 f   sfc_debug:sfdb_call_stack.obj
 0001:00064f30       sf_debug_tm_pop_trace_node 0000000180065f30 f   sfc_debug:sfdb_call_stack.obj
 0001:00064fb0       sf_debug_tm_get_current_global_trace_index 0000000180065fb0 f   sfc_debug:sfdb_call_stack.obj
 0001:00064fc0       sf_debug_tm_get_current_local_trace_index 0000000180065fc0 f   sfc_debug:sfdb_call_stack.obj
 0001:00064ff0       sf_debug_tm_set_cycle_detected_flag 0000000180065ff0 f   sfc_debug:sfdb_call_stack.obj
 0001:00065030       sf_debug_tm_set_cycle_started_flag 0000000180066030 f   sfc_debug:sfdb_call_stack.obj
 0001:00065070       sf_debug_tm_get_chart_number_from_stack 0000000180066070 f   sfc_debug:sfdb_call_stack.obj
 0001:00065270       sf_debug_tm_browse_trace   0000000180066270 f   sfc_debug:sfdb_call_stack.obj
 0001:00065580       sf_debug_cd_initialize_instance 0000000180066580 f   sfc_debug:sfdb_cycle_detection.obj
 0001:00065830       sf_debug_cd_mark_processed_transition_in_instance 0000000180066830 f   sfc_debug:sfdb_cycle_detection.obj
 0001:000658d0       sf_debug_cd_checksum_push  00000001800668d0 f   sfc_debug:sfdb_cycle_detection.obj
 0001:00065b80       sf_debug_cd_checksum_pop   0000000180066b80 f   sfc_debug:sfdb_cycle_detection.obj
 0001:00065bf0       sf_debug_cd_turn_off_cycle_detection 0000000180066bf0 f   sfc_debug:sfdb_cycle_detection.obj
 0001:00065c40       sf_debug_cd_terminate      0000000180066c40 f   sfc_debug:sfdb_cycle_detection.obj
 0001:00065e70       md5_initialize_state       0000000180066e70 f   sfc_debug:ckmd5.obj
 0001:00066900       md5_update_state           0000000180067900 f   sfc_debug:ckmd5.obj
 0001:00066920       md5_get_hash               0000000180067920 f   sfc_debug:ckmd5.obj
 0001:00066950       md5_get_hash_for_a_single_string 0000000180067950 f   sfc_debug:ckmd5.obj
 0001:000669b0       mxGetPr                    00000001800679b0 f   libmx:libmx.dll
 0001:000669b6       mxCreateDoubleScalar       00000001800679b6 f   libmx:libmx.dll
 0001:000669bc       mxCreateDoubleMatrix_730   00000001800679bc f   libmx:libmx.dll
 0001:000669c2       mxSetField_730             00000001800679c2 f   libmx:libmx.dll
 0001:000669c8       mxCreateString             00000001800679c8 f   libmx:libmx.dll
 0001:000669ce       mxCreateStructMatrix_730   00000001800679ce f   libmx:libmx.dll
 0001:000669d4       mxCreateCellMatrix_730     00000001800679d4 f   libmx:libmx.dll
 0001:000669da       mxDestroyArray             00000001800679da f   libmx:libmx.dll
 0001:000669e0       mxDuplicateArray           00000001800679e0 f   libmx:libmx.dll
 0001:000669e6       mxIsEmpty                  00000001800679e6 f   libmx:libmx.dll
 0001:000669ec       mxGetString_730            00000001800679ec f   libmx:libmx.dll
 0001:000669f2       mxIsChar                   00000001800679f2 f   libmx:libmx.dll
 0001:000669f8       mxGetClassID               00000001800679f8 f   libmx:libmx.dll
 0001:000669fe       mxIsNumeric                00000001800679fe f   libmx:libmx.dll
 0001:00066a04       mxIsComplex                0000000180067a04 f   libmx:libmx.dll
 0001:00066a0a       mxGetN                     0000000180067a0a f   libmx:libmx.dll
 0001:00066a10       mxGetM                     0000000180067a10 f   libmx:libmx.dll
 0001:00066a16       mxCalloc                   0000000180067a16 f   libmx:libmx.dll
 0001:00066a1c       mxGetScalar                0000000180067a1c f   libmx:libmx.dll
 0001:00066a22       mxIsLogical                0000000180067a22 f   libmx:libmx.dll
 0001:00066a28       mxCreateDoubleMatrix_700   0000000180067a28 f   libmx:libmx.dll
 0001:00066a2e       mxFree                     0000000180067a2e f   libmx:libmx.dll
 0001:00066a34       mxArrayToString            0000000180067a34 f   libmx:libmx.dll
 0001:00066a3a       mxCreateCellMatrix_700     0000000180067a3a f   libmx:libmx.dll
 0001:00066a40       mxSetCell_700              0000000180067a40 f   libmx:libmx.dll
 0001:00066a46       mxGetCell_700              0000000180067a46 f   libmx:libmx.dll
 0001:00066a4c       mxGetClassName             0000000180067a4c f   libmx:libmx.dll
 0001:00066a52       mxSetField_700             0000000180067a52 f   libmx:libmx.dll
 0001:00066a58       mxAddField                 0000000180067a58 f   libmx:libmx.dll
 0001:00066a5e       mxGetField_700             0000000180067a5e f   libmx:libmx.dll
 0001:00066a64       mxGetNumberOfElements      0000000180067a64 f   libmx:libmx.dll
 0001:00066a6a       mxIsStruct                 0000000180067a6a f   libmx:libmx.dll
 0001:00066a70       mxIsA                      0000000180067a70 f   libmx:libmx.dll
 0001:00066a76       mxIsClass                  0000000180067a76 f   libmx:libmx.dll
 0001:00066a7c       mxGetLogicals              0000000180067a7c f   libmx:libmx.dll
 0001:00066a82       mxIsSparse                 0000000180067a82 f   libmx:libmx.dll
 0001:00066a88       mxSetFieldByNumber_700     0000000180067a88 f   libmx:libmx.dll
 0001:00066a8e       mxGetFieldByNumber_700     0000000180067a8e f   libmx:libmx.dll
 0001:00066a94       mxGetFieldNameByNumber     0000000180067a94 f   libmx:libmx.dll
 0001:00066a9a       mxGetNumberOfFields        0000000180067a9a f   libmx:libmx.dll
 0001:00066aa0       mxCreateStructMatrix_700   0000000180067aa0 f   libmx:libmx.dll
 0001:00066aa6       mxGetFieldNumber           0000000180067aa6 f   libmx:libmx.dll
 0001:00066aac       mxIsNaN                    0000000180067aac f   libmx:libmx.dll
 0001:00066ab2       mxGetData                  0000000180067ab2 f   libmx:libmx.dll
 0001:00066ab8       mxGetImagData              0000000180067ab8 f   libmx:libmx.dll
 0001:00066abe       mxArrayClassIDName         0000000180067abe f   libmx:libmx.dll
 0001:00066ac4       mxCreateNumericMatrix_700  0000000180067ac4 f   libmx:libmx.dll
 0001:00066aca       mxCreateStructArray_700    0000000180067aca f   libmx:libmx.dll
 0001:00066ad0       mxCalcSingleSubscript_700  0000000180067ad0 f   libmx:libmx.dll
 0001:00066ad6       mxGetDimensions_700        0000000180067ad6 f   libmx:libmx.dll
 0001:00066adc       mxGetNumberOfDimensions_700 0000000180067adc f   libmx:libmx.dll
 0001:00066ae2       mxCreateNumericArray_700   0000000180067ae2 f   libmx:libmx.dll
 0001:00066ae8       mxGetElementSize           0000000180067ae8 f   libmx:libmx.dll
 0001:00066aee       mxCreateStringFromNChars_700 0000000180067aee f   libmx:libmx.dll
 0001:00066af4       mxGetString_700            0000000180067af4 f   libmx:libmx.dll
 0001:00066afa       mxIsLogicalScalarTrue      0000000180067afa f   libmx:libmx.dll
 0001:00066b00       mxCreateLogicalScalar      0000000180067b00 f   libmx:libmx.dll
 0001:00066b06       mexUnlock                  0000000180067b06 f   libmex:libmex.dll
 0001:00066b0c       mexIsLocked                0000000180067b0c f   libmex:libmex.dll
 0001:00066b12       mexWarnMsgTxt              0000000180067b12 f   libmex:libmex.dll
 0001:00066b18       mexCallMATLAB              0000000180067b18 f   libmex:libmex.dll
 0001:00066b1e       mexErrMsgTxt               0000000180067b1e f   libmex:libmex.dll
 0001:00066b24       mexMakeArrayPersistent     0000000180067b24 f   libmex:libmex.dll
 0001:00066b2a       mexSetTrapFlag             0000000180067b2a f   libmex:libmex.dll
 0001:00066b30       mexPutVariable             0000000180067b30 f   libmex:libmex.dll
 0001:00066b36       mexGetVariable             0000000180067b36 f   libmex:libmex.dll
 0001:00066b3c       mexLock                    0000000180067b3c f   libmex:libmex.dll
 0001:00066b42       mexMakeMemoryPersistent    0000000180067b42 f   libmex:libmex.dll
 0001:00066b48       mexFunctionName            0000000180067b48 f   libmex:libmex.dll
 0001:00066b4e       ssRegisterDataTypeFxpFSlopeFixExpBias 0000000180067b4e f   libfixedpoint:libfixedpoint.dll
 0001:00066b54       ssRegisterDataTypeFxpScaledDouble 0000000180067b54 f   libfixedpoint:libfixedpoint.dll
 0001:00066b5a       utMalloc                   0000000180067b5a f   libut:libut.dll
 0001:00066b60       utFree                     0000000180067b60 f   libut:libut.dll
 0001:00066b66       utVSNprintf                0000000180067b66 f   libut:libut.dll
 0001:00066b6c       utCPUtime                  0000000180067b6c f   libut:libut.dll
 0001:00066b72       utCalloc                   0000000180067b72 f   libut:libut.dll
 0001:00066b78       utRealloc                  0000000180067b78 f   libut:libut.dll
 0001:00066b7e       muDoubleScalarAbs          0000000180067b7e f   libmwmathutil:libmwmathutil.dll
 0001:00066b84       muDoubleScalarIsNaN        0000000180067b84 f   libmwmathutil:libmwmathutil.dll
 0001:00066b8a       muDoubleScalarMin          0000000180067b8a f   libmwmathutil:libmwmathutil.dll
 0001:00066b90       muDoubleScalarMax          0000000180067b90 f   libmwmathutil:libmwmathutil.dll
 0001:00066b96       muDoubleScalarCos          0000000180067b96 f   libmwmathutil:libmwmathutil.dll
 0001:00066b9c       muDoubleScalarSin          0000000180067b9c f   libmwmathutil:libmwmathutil.dll
 0001:00066ba2       emlrtCreateRootTLS         0000000180067ba2 f   libemlrt:libemlrt.dll
 0001:00066ba8       emlrtDestroyRootTLS        0000000180067ba8 f   libemlrt:libemlrt.dll
 0001:00066bae       emlrtCheckBuiltInR2012b    0000000180067bae f   libemlrt:libemlrt.dll
 0001:00066bb4       emlrtCheckVsBuiltInR2012b  0000000180067bb4 f   libemlrt:libemlrt.dll
 0001:00066bba       emlrtCheckEnumR2012b       0000000180067bba f   libemlrt:libemlrt.dll
 0001:00066bc0       emlrtCreateEnumR2012b      0000000180067bc0 f   libemlrt:libemlrt.dll
 0001:00066bc6       emlrtGetEnumElementR2009a  0000000180067bc6 f   libemlrt:libemlrt.dll
 0001:00066bcc       emlrtCreateReference       0000000180067bcc f   libemlrt:libemlrt.dll
 0001:00066bd2       emlrtImportVsFiArrayR2009b 0000000180067bd2 f   libemlrt:libemlrt.dll
 0001:00066bd8       emlrtNameCapturePostProcessR2012a 0000000180067bd8 f   libemlrt:libemlrt.dll
 0001:00066bde       emlrtExtractMessageId      0000000180067bde f   libemlrt:libemlrt.dll
 0001:00066be4       emlrtTranslateMessageIDtoLCPstring 0000000180067be4 f   libemlrt:libemlrt.dll
 0001:00066bea       emlrtForLoopVectorIsValidR2011b 0000000180067bea f   libemlrt:libemlrt.dll
 0001:00066bf0       emlrtTranslateUTF16MessagetoLCPstring 0000000180067bf0 f   libemlrt:libemlrt.dll
 0001:00066bf6       emlrtGetEnumUnderlyingArrayR2009a 0000000180067bf6 f   libemlrt:libemlrt.dll
 0001:00066bfc       emlrtIsEnumR2009a          0000000180067bfc f   libemlrt:libemlrt.dll
 0001:00066c10       Robust_MPC_Library_initializer 0000000180067c10 f   Robust_MPC_Library_sfun:Robust_MPC_Library_sfun.obj
 0001:00066c20       Robust_MPC_Library_terminator 0000000180067c20 f   Robust_MPC_Library_sfun:Robust_MPC_Library_sfun.obj
 0001:00066c30       sf_Robust_MPC_Library_method_dispatcher 0000000180067c30 f   Robust_MPC_Library_sfun:Robust_MPC_Library_sfun.obj
 0001:00066cf0       sf_Robust_MPC_Library_process_check_sum_call 0000000180067cf0 f   Robust_MPC_Library_sfun:Robust_MPC_Library_sfun.obj
 0001:00066fc0       sf_Robust_MPC_Library_autoinheritance_info 0000000180067fc0 f   Robust_MPC_Library_sfun:Robust_MPC_Library_sfun.obj
 0001:00067180       sf_Robust_MPC_Library_get_eml_resolved_functions_info 0000000180068180 f   Robust_MPC_Library_sfun:Robust_MPC_Library_sfun.obj
 0001:000672b0       sf_Robust_MPC_Library_third_party_uses_info 00000001800682b0 f   Robust_MPC_Library_sfun:Robust_MPC_Library_sfun.obj
 0001:00067450       Robust_MPC_Library_debug_initialize 0000000180068450 f   Robust_MPC_Library_sfun:Robust_MPC_Library_sfun.obj
 0001:000674e0       Robust_MPC_Library_register_exported_symbols 00000001800684e0 f   Robust_MPC_Library_sfun:Robust_MPC_Library_sfun.obj
 0001:000674f0       load_Robust_MPC_Library_optimization_info 00000001800684f0 f   Robust_MPC_Library_sfun:Robust_MPC_Library_sfun.obj
 0001:00067540       unload_Robust_MPC_Library_optimization_info 0000000180068540 f   Robust_MPC_Library_sfun:Robust_MPC_Library_sfun.obj
 0001:00067570       sf_c1_tyNXAxCK2b9NJVsavOeGeC_Robust_MPC_Library_get_eml_resolved_functions_info 0000000180068570 f   Robust_MPC_Library_sfun:c1_tyNXAxCK2b9NJVsavOeGeC_Robust_MPC_Library.obj
 0001:000687a0       sf_c1_tyNXAxCK2b9NJVsavOeGeC_Robust_MPC_Library_get_check_sum 00000001800697a0 f   Robust_MPC_Library_sfun:c1_tyNXAxCK2b9NJVsavOeGeC_Robust_MPC_Library.obj
 0001:00068820       sf_c1_tyNXAxCK2b9NJVsavOeGeC_Robust_MPC_Library_get_autoinheritance_info 0000000180069820 f   Robust_MPC_Library_sfun:c1_tyNXAxCK2b9NJVsavOeGeC_Robust_MPC_Library.obj
 0001:00069900       sf_c1_tyNXAxCK2b9NJVsavOeGeC_Robust_MPC_Library_third_party_uses_info 000000018006a900 f   Robust_MPC_Library_sfun:c1_tyNXAxCK2b9NJVsavOeGeC_Robust_MPC_Library.obj
 0001:00069930       sf_internal_get_sim_state_c1_tyNXAxCK2b9NJVsavOeGeC_Robust_MPC_Library 000000018006a930 f   Robust_MPC_Library_sfun:c1_tyNXAxCK2b9NJVsavOeGeC_Robust_MPC_Library.obj
 0001:00069e00       sf_internal_set_sim_state_c1_tyNXAxCK2b9NJVsavOeGeC_Robust_MPC_Library 000000018006ae00 f   Robust_MPC_Library_sfun:c1_tyNXAxCK2b9NJVsavOeGeC_Robust_MPC_Library.obj
 0001:0006a290       c1_tyNXAxCK2b9NJVsavOeGeC_Robust_MPC_Library_method_dispatcher 000000018006b290 f   Robust_MPC_Library_sfun:c1_tyNXAxCK2b9NJVsavOeGeC_Robust_MPC_Library.obj
 0001:00072eb0       sf_c1_fSQGMH2uGoHTT2XCT6JYRC_Robust_MPC_Library_get_eml_resolved_functions_info 0000000180073eb0 f   Robust_MPC_Library_sfun:c1_fSQGMH2uGoHTT2XCT6JYRC_Robust_MPC_Library.obj
 0001:000740e0       sf_c1_fSQGMH2uGoHTT2XCT6JYRC_Robust_MPC_Library_get_check_sum 00000001800750e0 f   Robust_MPC_Library_sfun:c1_fSQGMH2uGoHTT2XCT6JYRC_Robust_MPC_Library.obj
 0001:00074160       sf_c1_fSQGMH2uGoHTT2XCT6JYRC_Robust_MPC_Library_get_autoinheritance_info 0000000180075160 f   Robust_MPC_Library_sfun:c1_fSQGMH2uGoHTT2XCT6JYRC_Robust_MPC_Library.obj
 0001:00075240       sf_c1_fSQGMH2uGoHTT2XCT6JYRC_Robust_MPC_Library_third_party_uses_info 0000000180076240 f   Robust_MPC_Library_sfun:c1_fSQGMH2uGoHTT2XCT6JYRC_Robust_MPC_Library.obj
 0001:00075270       sf_internal_get_sim_state_c1_fSQGMH2uGoHTT2XCT6JYRC_Robust_MPC_Library 0000000180076270 f   Robust_MPC_Library_sfun:c1_fSQGMH2uGoHTT2XCT6JYRC_Robust_MPC_Library.obj
 0001:00075750       sf_internal_set_sim_state_c1_fSQGMH2uGoHTT2XCT6JYRC_Robust_MPC_Library 0000000180076750 f   Robust_MPC_Library_sfun:c1_fSQGMH2uGoHTT2XCT6JYRC_Robust_MPC_Library.obj
 0001:00075be0       c1_fSQGMH2uGoHTT2XCT6JYRC_Robust_MPC_Library_method_dispatcher 0000000180076be0 f   Robust_MPC_Library_sfun:c1_fSQGMH2uGoHTT2XCT6JYRC_Robust_MPC_Library.obj
 0001:0007e8c0       sf_c1_4cu8YXrOoZfxCDCUERBpkD_Robust_MPC_Library_get_eml_resolved_functions_info 000000018007f8c0 f   Robust_MPC_Library_sfun:c1_4cu8YXrOoZfxCDCUERBpkD_Robust_MPC_Library.obj
 0001:0007fae0       sf_c1_4cu8YXrOoZfxCDCUERBpkD_Robust_MPC_Library_get_check_sum 0000000180080ae0 f   Robust_MPC_Library_sfun:c1_4cu8YXrOoZfxCDCUERBpkD_Robust_MPC_Library.obj
 0001:0007fb60       sf_c1_4cu8YXrOoZfxCDCUERBpkD_Robust_MPC_Library_get_autoinheritance_info 0000000180080b60 f   Robust_MPC_Library_sfun:c1_4cu8YXrOoZfxCDCUERBpkD_Robust_MPC_Library.obj
 0001:00080c40       sf_c1_4cu8YXrOoZfxCDCUERBpkD_Robust_MPC_Library_third_party_uses_info 0000000180081c40 f   Robust_MPC_Library_sfun:c1_4cu8YXrOoZfxCDCUERBpkD_Robust_MPC_Library.obj
 0001:00080c70       sf_internal_get_sim_state_c1_4cu8YXrOoZfxCDCUERBpkD_Robust_MPC_Library 0000000180081c70 f   Robust_MPC_Library_sfun:c1_4cu8YXrOoZfxCDCUERBpkD_Robust_MPC_Library.obj
 0001:00081140       sf_internal_set_sim_state_c1_4cu8YXrOoZfxCDCUERBpkD_Robust_MPC_Library 0000000180082140 f   Robust_MPC_Library_sfun:c1_4cu8YXrOoZfxCDCUERBpkD_Robust_MPC_Library.obj
 0001:000815d0       c1_4cu8YXrOoZfxCDCUERBpkD_Robust_MPC_Library_method_dispatcher 00000001800825d0 f   Robust_MPC_Library_sfun:c1_4cu8YXrOoZfxCDCUERBpkD_Robust_MPC_Library.obj
 0001:0008a1dc       __GSHandlerCheckCommon     000000018008b1dc f   MSVCRT:gshandler.obj
 0001:0008a240       __GSHandlerCheck           000000018008b240 f   MSVCRT:gshandler.obj
 0001:0008a25e       strlen                     000000018008b25e f   MSVCRT:MSVCR100.dll
 0001:0008a280       __security_check_cookie    000000018008b280 f   MSVCRT:amdsecgs.obj
 0001:0008a2a0       memset                     000000018008b2a0 f   MSVCRT:MSVCR100.dll
 0001:0008a2a6       strcmp                     000000018008b2a6 f   MSVCRT:MSVCR100.dll
 0001:0008a2ac       free                       000000018008b2ac f   MSVCRT:MSVCR100.dll
 0001:0008a2b2       sprintf                    000000018008b2b2 f   MSVCRT:MSVCR100.dll
 0001:0008a2b8       malloc                     000000018008b2b8 f   MSVCRT:MSVCR100.dll
 0001:0008a2be       strcat                     000000018008b2be f   MSVCRT:MSVCR100.dll
 0001:0008a2c4       memcpy                     000000018008b2c4 f   MSVCRT:MSVCR100.dll
 0001:0008a2cc       NtCurrentTeb               000000018008b2cc f i MSVCRT:crtdll.obj
 0001:0008a338       _CRT_INIT                  000000018008b338 f   MSVCRT:crtdll.obj
 0001:0008a6d0       _DllMainCRTStartup         000000018008b6d0 f   MSVCRT:crtdll.obj
 0001:0008a70e       strncpy                    000000018008b70e f   MSVCRT:MSVCR100.dll
 0001:0008a730       __chkstk                   000000018008b730 f   MSVCRT:chkstk.obj
 0001:0008a730       _alloca_probe              000000018008b730     MSVCRT:chkstk.obj
 0001:0008a77e       longjmp                    000000018008b77e f   MSVCRT:MSVCR100.dll
 0001:0008a784       strncmp                    000000018008b784 f   MSVCRT:MSVCR100.dll
 0001:0008a78a       ceil                       000000018008b78a f   MSVCRT:MSVCR100.dll
 0001:0008a790       strrchr                    000000018008b790 f   MSVCRT:MSVCR100.dll
 0001:0008a796       _setjmp                    000000018008b796 f   MSVCRT:MSVCR100.dll
 0001:0008a79c       ldexp                      000000018008b79c f   MSVCRT:MSVCR100.dll
 0001:0008a7a4       __report_gsfailure         000000018008b7a4 f   MSVCRT:gs_report.obj
 0001:0008a8f0       __clean_type_info_names    000000018008b8f0 f   MSVCRT:tncleanup.obj
 0001:0008a8fc       _onexit                    000000018008b8fc f   MSVCRT:atonexit.obj
 0001:0008a9ac       atexit                     000000018008b9ac f   MSVCRT:atonexit.obj
 0001:0008a9c4       _RTC_Initialize            000000018008b9c4 f   MSVCRT:_initsect_.obj
 0001:0008a9fc       _RTC_Terminate             000000018008b9fc f   MSVCRT:_initsect_.obj
 0001:0008aa34       _malloc_crt                000000018008ba34 f   MSVCRT:MSVCR100.dll
 0001:0008aa40       _ValidateImageBase         000000018008ba40 f   MSVCRT:pesect.obj
 0001:0008aa70       _FindPESection             000000018008ba70 f   MSVCRT:pesect.obj
 0001:0008aac0       _IsNonwritableInCurrentImage 000000018008bac0 f   MSVCRT:pesect.obj
 0001:0008ab02       _initterm                  000000018008bb02 f   MSVCRT:MSVCR100.dll
 0001:0008ab08       _initterm_e                000000018008bb08 f   MSVCRT:MSVCR100.dll
 0001:0008ab0e       _encoded_null              000000018008bb0e f   MSVCRT:MSVCR100.dll
[...]
 0001:00072a20       c1_tyNXAxCK2b9NJVsavOeGeC_f_emlrt_marshallIn 0000000180073a20 f   Robust_MPC_Library_sfun:c1_tyNXAxCK2b9NJVsavOeGeC_Robust_MPC_Library.obj
 0001:00072b30       c1_tyNXAxCK2b9NJVsavOeGeC_eml_scalar_eg 0000000180073b30 f   Robust_MPC_Library_sfun:c1_tyNXAxCK2b9NJVsavOeGeC_Robust_MPC_Library.obj
 0001:00072b40       c1_tyNXAxCK2b9NJVsavOeGeC_b_round 0000000180073b40 f   Robust_MPC_Library_sfun:c1_tyNXAxCK2b9NJVsavOeGeC_Robust_MPC_Library.obj
 0001:00072d60       sf_opaque_get_sim_state_c1_tyNXAxCK2b9NJVsavOeGeC_Robust_MPC_Library 0000000180073d60 f   Robust_MPC_Library_sfun:c1_tyNXAxCK2b9NJVsavOeGeC_Robust_MPC_Library.obj
 0001:00072d80       sf_opaque_set_sim_state_c1_tyNXAxCK2b9NJVsavOeGeC_Robust_MPC_Library 0000000180073d80 f   Robust_MPC_Library_sfun:c1_tyNXAxCK2b9NJVsavOeGeC_Robust_MPC_Library.obj
 0001:00072db0       sf_opaque_terminate_c1_tyNXAxCK2b9NJVsavOeGeC_Robust_MPC_Library 0000000180073db0 f   Robust_MPC_Library_sfun:c1_tyNXAxCK2b9NJVsavOeGeC_Robust_MPC_Library.obj
 0001:00072e30       finalize_c1_tyNXAxCK2b9NJVsavOeGeC_Robust_MPC_Library 0000000180073e30 f   Robust_MPC_Library_sfun:c1_tyNXAxCK2b9NJVsavOeGeC_Robust_MPC_Library.obj
 0001:00072e40       sf_opaque_init_subchart_simstructs 0000000180073e40 f   Robust_MPC_Library_sfun:c1_tyNXAxCK2b9NJVsavOeGeC_Robust_MPC_Library.obj
 0001:00072e60       initSimStructsc1_tyNXAxCK2b9NJVsavOeGeC_Robust_MPC_Library 0000000180073e60 f   Robust_MPC_Library_sfun:c1_tyNXAxCK2b9NJVsavOeGeC_Robust_MPC_Library.obj
 0001:00072e70       mdlRTW_c1_tyNXAxCK2b9NJVsavOeGeC_Robust_MPC_Library 0000000180073e70 f   Robust_MPC_Library_sfun:c1_tyNXAxCK2b9NJVsavOeGeC_Robust_MPC_Library.obj
 0001:00073340       c1_fSQGMH2uGoHTT2XCT6JYRC_info_helper 0000000180074340 f   Robust_MPC_Library_sfun:c1_fSQGMH2uGoHTT2XCT6JYRC_Robust_MPC_Library.obj
 0001:00075360       get_sim_state_c1_fSQGMH2uGoHTT2XCT6JYRC_Robust_MPC_Library 0000000180076360 f   Robust_MPC_Library_sfun:c1_fSQGMH2uGoHTT2XCT6JYRC_Robust_MPC_Library.obj
 0001:00075690       sf_get_sim_state_info_c1_fSQGMH2uGoHTT2XCT6JYRC_Robust_MPC_Library 0000000180076690 f   Robust_MPC_Library_sfun:c1_fSQGMH2uGoHTT2XCT6JYRC_Robust_MPC_Library.obj
 0001:00075870       set_sim_state_c1_fSQGMH2uGoHTT2XCT6JYRC_Robust_MPC_Library 0000000180076870 f   Robust_MPC_Library_sfun:c1_fSQGMH2uGoHTT2XCT6JYRC_Robust_MPC_Library.obj
 0001:000759e0       c1_fSQGMH2uGoHTT2XCT6JYRC_update_debugger_state_c1_fSQGMH2uGoHTT 00000001800769e0 f   Robust_MPC_Library_sfun:c1_fSQGMH2uGoHTT2XCT6JYRC_Robust_MPC_Library.obj
 0001:000759f0       c1_fSQGMH2uGoHTT2XCT6JYRC_emlrt_marshallIn 00000001800769f0 f   Robust_MPC_Library_sfun:c1_fSQGMH2uGoHTT2XCT6JYRC_Robust_MPC_Library.obj
 0001:00075a60       c1_fSQGMH2uGoHTT2XCT6JYRC_b_emlrt_marshallIn 0000000180076a60 f   Robust_MPC_Library_sfun:c1_fSQGMH2uGoHTT2XCT6JYRC_Robust_MPC_Library.obj
 0001:00075af0       c1_fSQGMH2uGoHTT2XCT6JYRC_h_emlrt_marshallIn 0000000180076af0 f   Robust_MPC_Library_sfun:c1_fSQGMH2uGoHTT2XCT6JYRC_Robust_MPC_Library.obj
 0001:00075b50       c1_fSQGMH2uGoHTT2XCT6JYRC_i_emlrt_marshallIn 0000000180076b50 f   Robust_MPC_Library_sfun:c1_fSQGMH2uGoHTT2XCT6JYRC_Robust_MPC_Library.obj
 0001:00075c50       mdlProcessParameters_c1_fSQGMH2uGoHTT2XCT6JYRC_Robust_MPC_Library 0000000180076c50 f   Robust_MPC_Library_sfun:c1_fSQGMH2uGoHTT2XCT6JYRC_Robust_MPC_Library.obj
 0001:00075d10       initialize_params_c1_fSQGMH2uGoHTT2XCT6JYRC_Robust_MPC_Library 0000000180076d10 f   Robust_MPC_Library_sfun:c1_fSQGMH2uGoHTT2XCT6JYRC_Robust_MPC_Library.obj
 0001:00075d20       mdlSetWorkWidths_c1_fSQGMH2uGoHTT2XCT6JYRC_Robust_MPC_Library 0000000180076d20 f   Robust_MPC_Library_sfun:c1_fSQGMH2uGoHTT2XCT6JYRC_Robust_MPC_Library.obj
 0001:00076390       sf_get_instance_specialization 0000000180077390 f   Robust_MPC_Library_sfun:c1_fSQGMH2uGoHTT2XCT6JYRC_Robust_MPC_Library.obj
 0001:000763a0       mdlStart_c1_fSQGMH2uGoHTT2XCT6JYRC_Robust_MPC_Library 00000001800773a0 f   Robust_MPC_Library_sfun:c1_fSQGMH2uGoHTT2XCT6JYRC_Robust_MPC_Library.obj
 0001:000765a0       init_dsm_address_info      00000001800775a0 f   Robust_MPC_Library_sfun:c1_fSQGMH2uGoHTT2XCT6JYRC_Robust_MPC_Library.obj
 0001:000765b0       chart_debug_initialization 00000001800775b0 f   Robust_MPC_Library_sfun:c1_fSQGMH2uGoHTT2XCT6JYRC_Robust_MPC_Library.obj
 0001:00078030       init_script_number_translation 0000000180079030 f   Robust_MPC_Library_sfun:c1_fSQGMH2uGoHTT2XCT6JYRC_Robust_MPC_Library.obj
 0001:00078040       c1_fSQGMH2uGoHTT2XCT6JYRC_sf_marshallOut 0000000180079040 f   Robust_MPC_Library_sfun:c1_fSQGMH2uGoHTT2XCT6JYRC_Robust_MPC_Library.obj
 0001:000780f0       c1_fSQGMH2uGoHTT2XCT6JYRC_sf_marshallIn 00000001800790f0 f   Robust_MPC_Library_sfun:c1_fSQGMH2uGoHTT2XCT6JYRC_Robust_MPC_Library.obj
 0001:00078190       c1_fSQGMH2uGoHTT2XCT6JYRC_b_sf_marshallOut 0000000180079190 f   Robust_MPC_Library_sfun:c1_fSQGMH2uGoHTT2XCT6JYRC_Robust_MPC_Library.obj
 0001:00078320       c1_fSQGMH2uGoHTT2XCT6JYRC_c_sf_marshallOut 0000000180079320 f   Robust_MPC_Library_sfun:c1_fSQGMH2uGoHTT2XCT6JYRC_Robust_MPC_Library.obj
 0001:00078580       c1_fSQGMH2uGoHTT2XCT6JYRC_d_sf_marshallOut 0000000180079580 f   Robust_MPC_Library_sfun:c1_fSQGMH2uGoHTT2XCT6JYRC_Robust_MPC_Library.obj
 0001:00078710       c1_fSQGMH2uGoHTT2XCT6JYRC_e_sf_marshallOut 0000000180079710 f   Robust_MPC_Library_sfun:c1_fSQGMH2uGoHTT2XCT6JYRC_Robust_MPC_Library.obj
 0001:00078960       c1_fSQGMH2uGoHTT2XCT6JYRC_f_sf_marshallOut 0000000180079960 f   Robust_MPC_Library_sfun:c1_fSQGMH2uGoHTT2XCT6JYRC_Robust_MPC_Library.obj
 0001:00078af0       c1_fSQGMH2uGoHTT2XCT6JYRC_g_sf_marshallOut 0000000180079af0 f   Robust_MPC_Library_sfun:c1_fSQGMH2uGoHTT2XCT6JYRC_Robust_MPC_Library.obj
 0001:00078d60       c1_fSQGMH2uGoHTT2XCT6JYRC_h_sf_marshallOut 0000000180079d60 f   Robust_MPC_Library_sfun:c1_fSQGMH2uGoHTT2XCT6JYRC_Robust_MPC_Library.obj
 0001:00078eb0       sf_opaque_initialize_c1_fSQGMH2uGoHTT2XCT6JYRC_Robust_MPC_Library 0000000180079eb0 f   Robust_MPC_Library_sfun:c1_fSQGMH2uGoHTT2XCT6JYRC_Robust_MPC_Library.obj
 0001:00078ef0       initialize_c1_fSQGMH2uGoHTT2XCT6JYRC_Robust_MPC_Library 0000000180079ef0 f   Robust_MPC_Library_sfun:c1_fSQGMH2uGoHTT2XCT6JYRC_Robust_MPC_Library.obj
 0001:00078f40       sf_opaque_enable_c1_fSQGMH2uGoHTT2XCT6JYRC_Robust_MPC_Library 0000000180079f40 f   Robust_MPC_Library_sfun:c1_fSQGMH2uGoHTT2XCT6JYRC_Robust_MPC_Library.obj
 0001:00078f60       enable_c1_fSQGMH2uGoHTT2XCT6JYRC_Robust_MPC_Library 0000000180079f60 f   Robust_MPC_Library_sfun:c1_fSQGMH2uGoHTT2XCT6JYRC_Robust_MPC_Library.obj
 0001:00078f90       sf_opaque_disable_c1_fSQGMH2uGoHTT2XCT6JYRC_Robust_MPC_Library 0000000180079f90 f   Robust_MPC_Library_sfun:c1_fSQGMH2uGoHTT2XCT6JYRC_Robust_MPC_Library.obj
 0001:00078fb0       disable_c1_fSQGMH2uGoHTT2XCT6JYRC_Robust_MPC_Library 0000000180079fb0 f   Robust_MPC_Library_sfun:c1_fSQGMH2uGoHTT2XCT6JYRC_Robust_MPC_Library.obj
 0001:00078fe0       sf_opaque_gateway_c1_fSQGMH2uGoHTT2XCT6JYRC_Robust_MPC_Library 0000000180079fe0 f   Robust_MPC_Library_sfun:c1_fSQGMH2uGoHTT2XCT6JYRC_Robust_MPC_Library.obj
 0001:00079000       sf_c1_fSQGMH2uGoHTT2XCT6JYRC_Robust_MPC_Library 000000018007a000 f   Robust_MPC_Library_sfun:c1_fSQGMH2uGoHTT2XCT6JYRC_Robust_MPC_Library.obj
 0001:00079770       c1_fSQGMH2uGoHTT2XCT6JYRC_chartstep_c1_fSQGMH2uGoHTT2XCT6JYRC_Ro 000000018007a770 f   Robust_MPC_Library_sfun:c1_fSQGMH2uGoHTT2XCT6JYRC_Robust_MPC_Library.obj
 0001:0007dab0       c1_fSQGMH2uGoHTT2XCT6JYRC_i_sf_marshallOut 000000018007eab0 f   Robust_MPC_Library_sfun:c1_fSQGMH2uGoHTT2XCT6JYRC_Robust_MPC_Library.obj
 0001:0007dbf0       c1_fSQGMH2uGoHTT2XCT6JYRC_b_sf_marshallIn 000000018007ebf0 f   Robust_MPC_Library_sfun:c1_fSQGMH2uGoHTT2XCT6JYRC_Robust_MPC_Library.obj
 0001:0007dcc0       c1_fSQGMH2uGoHTT2XCT6JYRC_c_emlrt_marshallIn 000000018007ecc0 f   Robust_MPC_Library_sfun:c1_fSQGMH2uGoHTT2XCT6JYRC_Robust_MPC_Library.obj
 0001:0007dda0       c1_fSQGMH2uGoHTT2XCT6JYRC_j_sf_marshallOut 000000018007eda0 f   Robust_MPC_Library_sfun:c1_fSQGMH2uGoHTT2XCT6JYRC_Robust_MPC_Library.obj
 0001:0007df00       c1_fSQGMH2uGoHTT2XCT6JYRC_c_sf_marshallIn 000000018007ef00 f   Robust_MPC_Library_sfun:c1_fSQGMH2uGoHTT2XCT6JYRC_Robust_MPC_Library.obj
 0001:0007e000       c1_fSQGMH2uGoHTT2XCT6JYRC_d_emlrt_marshallIn 000000018007f000 f   Robust_MPC_Library_sfun:c1_fSQGMH2uGoHTT2XCT6JYRC_Robust_MPC_Library.obj
 0001:0007e100       c1_fSQGMH2uGoHTT2XCT6JYRC_d_sf_marshallIn 000000018007f100 f   Robust_MPC_Library_sfun:c1_fSQGMH2uGoHTT2XCT6JYRC_Robust_MPC_Library.obj
 0001:0007e200       c1_fSQGMH2uGoHTT2XCT6JYRC_e_emlrt_marshallIn 000000018007f200 f   Robust_MPC_Library_sfun:c1_fSQGMH2uGoHTT2XCT6JYRC_Robust_MPC_Library.obj
 0001:0007e300       c1_fSQGMH2uGoHTT2XCT6JYRC_e_sf_marshallIn 000000018007f300 f   Robust_MPC_Library_sfun:c1_fSQGMH2uGoHTT2XCT6JYRC_Robust_MPC_Library.obj
 0001:0007e440       c1_fSQGMH2uGoHTT2XCT6JYRC_f_emlrt_marshallIn 000000018007f440 f   Robust_MPC_Library_sfun:c1_fSQGMH2uGoHTT2XCT6JYRC_Robust_MPC_Library.obj
 0001:0007e540       c1_fSQGMH2uGoHTT2XCT6JYRC_eml_scalar_eg 000000018007f540 f   Robust_MPC_Library_sfun:c1_fSQGMH2uGoHTT2XCT6JYRC_Robust_MPC_Library.obj
 0001:0007e550       c1_fSQGMH2uGoHTT2XCT6JYRC_b_round 000000018007f550 f   Robust_MPC_Library_sfun:c1_fSQGMH2uGoHTT2XCT6JYRC_Robust_MPC_Library.obj
 0001:0007e770       sf_opaque_get_sim_state_c1_fSQGMH2uGoHTT2XCT6JYRC_Robust_MPC_Library 000000018007f770 f   Robust_MPC_Library_sfun:c1_fSQGMH2uGoHTT2XCT6JYRC_Robust_MPC_Library.obj
 0001:0007e790       sf_opaque_set_sim_state_c1_fSQGMH2uGoHTT2XCT6JYRC_Robust_MPC_Library 000000018007f790 f   Robust_MPC_Library_sfun:c1_fSQGMH2uGoHTT2XCT6JYRC_Robust_MPC_Library.obj
 0001:0007e7c0       sf_opaque_terminate_c1_fSQGMH2uGoHTT2XCT6JYRC_Robust_MPC_Library 000000018007f7c0 f   Robust_MPC_Library_sfun:c1_fSQGMH2uGoHTT2XCT6JYRC_Robust_MPC_Library.obj
 0001:0007e840       finalize_c1_fSQGMH2uGoHTT2XCT6JYRC_Robust_MPC_Library 000000018007f840 f   Robust_MPC_Library_sfun:c1_fSQGMH2uGoHTT2XCT6JYRC_Robust_MPC_Library.obj
 0001:0007e850       sf_opaque_init_subchart_simstructs 000000018007f850 f   Robust_MPC_Library_sfun:c1_fSQGMH2uGoHTT2XCT6JYRC_Robust_MPC_Library.obj
 0001:0007e870       initSimStructsc1_fSQGMH2uGoHTT2XCT6JYRC_Robust_MPC_Library 000000018007f870 f   Robust_MPC_Library_sfun:c1_fSQGMH2uGoHTT2XCT6JYRC_Robust_MPC_Library.obj
 0001:0007e880       mdlRTW_c1_fSQGMH2uGoHTT2XCT6JYRC_Robust_MPC_Library 000000018007f880 f   Robust_MPC_Library_sfun:c1_fSQGMH2uGoHTT2XCT6JYRC_Robust_MPC_Library.obj
 0001:0007ed40       c1_4cu8YXrOoZfxCDCUERBpkD_info_helper 000000018007fd40 f   Robust_MPC_Library_sfun:c1_4cu8YXrOoZfxCDCUERBpkD_Robust_MPC_Library.obj
 0001:00080d60       get_sim_state_c1_4cu8YXrOoZfxCDCUERBpkD_Robust_MPC_Library 0000000180081d60 f   Robust_MPC_Library_sfun:c1_4cu8YXrOoZfxCDCUERBpkD_Robust_MPC_Library.obj
 0001:00081080       sf_get_sim_state_info_c1_4cu8YXrOoZfxCDCUERBpkD_Robust_MPC_Library 0000000180082080 f   Robust_MPC_Library_sfun:c1_4cu8YXrOoZfxCDCUERBpkD_Robust_MPC_Library.obj
 0001:00081260       set_sim_state_c1_4cu8YXrOoZfxCDCUERBpkD_Robust_MPC_Library 0000000180082260 f   Robust_MPC_Library_sfun:c1_4cu8YXrOoZfxCDCUERBpkD_Robust_MPC_Library.obj
 0001:000813d0       c1_4cu8YXrOoZfxCDCUERBpkD_update_debugger_state_c1_4cu8YXrOoZfxC 00000001800823d0 f   Robust_MPC_Library_sfun:c1_4cu8YXrOoZfxCDCUERBpkD_Robust_MPC_Library.obj
 0001:000813e0       c1_4cu8YXrOoZfxCDCUERBpkD_emlrt_marshallIn 00000001800823e0 f   Robust_MPC_Library_sfun:c1_4cu8YXrOoZfxCDCUERBpkD_Robust_MPC_Library.obj
 0001:00081450       c1_4cu8YXrOoZfxCDCUERBpkD_b_emlrt_marshallIn 0000000180082450 f   Robust_MPC_Library_sfun:c1_4cu8YXrOoZfxCDCUERBpkD_Robust_MPC_Library.obj
 0001:000814e0       c1_4cu8YXrOoZfxCDCUERBpkD_h_emlrt_marshallIn 00000001800824e0 f   Robust_MPC_Library_sfun:c1_4cu8YXrOoZfxCDCUERBpkD_Robust_MPC_Library.obj
 0001:00081540       c1_4cu8YXrOoZfxCDCUERBpkD_i_emlrt_marshallIn 0000000180082540 f   Robust_MPC_Library_sfun:c1_4cu8YXrOoZfxCDCUERBpkD_Robust_MPC_Library.obj
 0001:00081640       mdlProcessParameters_c1_4cu8YXrOoZfxCDCUERBpkD_Robust_MPC_Library 0000000180082640 f   Robust_MPC_Library_sfun:c1_4cu8YXrOoZfxCDCUERBpkD_Robust_MPC_Library.obj
 0001:00081700       initialize_params_c1_4cu8YXrOoZfxCDCUERBpkD_Robust_MPC_Library 0000000180082700 f   Robust_MPC_Library_sfun:c1_4cu8YXrOoZfxCDCUERBpkD_Robust_MPC_Library.obj
 0001:00081710       mdlSetWorkWidths_c1_4cu8YXrOoZfxCDCUERBpkD_Robust_MPC_Library 0000000180082710 f   Robust_MPC_Library_sfun:c1_4cu8YXrOoZfxCDCUERBpkD_Robust_MPC_Library.obj
 0001:00081d80       sf_get_instance_specialization 0000000180082d80 f   Robust_MPC_Library_sfun:c1_4cu8YXrOoZfxCDCUERBpkD_Robust_MPC_Library.obj
 0001:00081d90       mdlStart_c1_4cu8YXrOoZfxCDCUERBpkD_Robust_MPC_Library 0000000180082d90 f   Robust_MPC_Library_sfun:c1_4cu8YXrOoZfxCDCUERBpkD_Robust_MPC_Library.obj
 0001:00081f90       init_dsm_address_info      0000000180082f90 f   Robust_MPC_Library_sfun:c1_4cu8YXrOoZfxCDCUERBpkD_Robust_MPC_Library.obj
 0001:00081fa0       chart_debug_initialization 0000000180082fa0 f   Robust_MPC_Library_sfun:c1_4cu8YXrOoZfxCDCUERBpkD_Robust_MPC_Library.obj
 0001:00083a20       init_script_number_translation 0000000180084a20 f   Robust_MPC_Library_sfun:c1_4cu8YXrOoZfxCDCUERBpkD_Robust_MPC_Library.obj
 0001:00083a30       c1_4cu8YXrOoZfxCDCUERBpkD_sf_marshallOut 0000000180084a30 f   Robust_MPC_Library_sfun:c1_4cu8YXrOoZfxCDCUERBpkD_Robust_MPC_Library.obj
 0001:00083ae0       c1_4cu8YXrOoZfxCDCUERBpkD_sf_marshallIn 0000000180084ae0 f   Robust_MPC_Library_sfun:c1_4cu8YXrOoZfxCDCUERBpkD_Robust_MPC_Library.obj
 0001:00083b80       c1_4cu8YXrOoZfxCDCUERBpkD_b_sf_marshallOut 0000000180084b80 f   Robust_MPC_Library_sfun:c1_4cu8YXrOoZfxCDCUERBpkD_Robust_MPC_Library.obj
 0001:00083d00       c1_4cu8YXrOoZfxCDCUERBpkD_c_sf_marshallOut 0000000180084d00 f   Robust_MPC_Library_sfun:c1_4cu8YXrOoZfxCDCUERBpkD_Robust_MPC_Library.obj
 0001:00083f20       c1_4cu8YXrOoZfxCDCUERBpkD_d_sf_marshallOut 0000000180084f20 f   Robust_MPC_Library_sfun:c1_4cu8YXrOoZfxCDCUERBpkD_Robust_MPC_Library.obj
 0001:00084090       c1_4cu8YXrOoZfxCDCUERBpkD_e_sf_marshallOut 0000000180085090 f   Robust_MPC_Library_sfun:c1_4cu8YXrOoZfxCDCUERBpkD_Robust_MPC_Library.obj
 0001:000842a0       c1_4cu8YXrOoZfxCDCUERBpkD_f_sf_marshallOut 00000001800852a0 f   Robust_MPC_Library_sfun:c1_4cu8YXrOoZfxCDCUERBpkD_Robust_MPC_Library.obj
 0001:00084400       c1_4cu8YXrOoZfxCDCUERBpkD_g_sf_marshallOut 0000000180085400 f   Robust_MPC_Library_sfun:c1_4cu8YXrOoZfxCDCUERBpkD_Robust_MPC_Library.obj
 0001:00084610       c1_4cu8YXrOoZfxCDCUERBpkD_h_sf_marshallOut 0000000180085610 f   Robust_MPC_Library_sfun:c1_4cu8YXrOoZfxCDCUERBpkD_Robust_MPC_Library.obj
 0001:00084770       sf_opaque_initialize_c1_4cu8YXrOoZfxCDCUERBpkD_Robust_MPC_Library 0000000180085770 f   Robust_MPC_Library_sfun:c1_4cu8YXrOoZfxCDCUERBpkD_Robust_MPC_Library.obj
 0001:000847b0       initialize_c1_4cu8YXrOoZfxCDCUERBpkD_Robust_MPC_Library 00000001800857b0 f   Robust_MPC_Library_sfun:c1_4cu8YXrOoZfxCDCUERBpkD_Robust_MPC_Library.obj
 0001:00084800       sf_opaque_enable_c1_4cu8YXrOoZfxCDCUERBpkD_Robust_MPC_Library 0000000180085800 f   Robust_MPC_Library_sfun:c1_4cu8YXrOoZfxCDCUERBpkD_Robust_MPC_Library.obj
 0001:00084820       enable_c1_4cu8YXrOoZfxCDCUERBpkD_Robust_MPC_Library 0000000180085820 f   Robust_MPC_Library_sfun:c1_4cu8YXrOoZfxCDCUERBpkD_Robust_MPC_Library.obj
 0001:00084850       sf_opaque_disable_c1_4cu8YXrOoZfxCDCUERBpkD_Robust_MPC_Library 0000000180085850 f   Robust_MPC_Library_sfun:c1_4cu8YXrOoZfxCDCUERBpkD_Robust_MPC_Library.obj
 0001:00084870       disable_c1_4cu8YXrOoZfxCDCUERBpkD_Robust_MPC_Library 0000000180085870 f   Robust_MPC_Library_sfun:c1_4cu8YXrOoZfxCDCUERBpkD_Robust_MPC_Library.obj
 0001:000848a0       sf_opaque_gateway_c1_4cu8YXrOoZfxCDCUERBpkD_Robust_MPC_Library 00000001800858a0 f   Robust_MPC_Library_sfun:c1_4cu8YXrOoZfxCDCUERBpkD_Robust_MPC_Library.obj
 0001:000848c0       sf_c1_4cu8YXrOoZfxCDCUERBpkD_Robust_MPC_Library 00000001800858c0 f   Robust_MPC_Library_sfun:c1_4cu8YXrOoZfxCDCUERBpkD_Robust_MPC_Library.obj
 0001:00085030       c1_4cu8YXrOoZfxCDCUERBpkD_chartstep_c1_4cu8YXrOoZfxCDCUERBpkD_Ro 0000000180086030 f   Robust_MPC_Library_sfun:c1_4cu8YXrOoZfxCDCUERBpkD_Robust_MPC_Library.obj
 0001:00089360       c1_4cu8YXrOoZfxCDCUERBpkD_i_sf_marshallOut 000000018008a360 f   Robust_MPC_Library_sfun:c1_4cu8YXrOoZfxCDCUERBpkD_Robust_MPC_Library.obj
 0001:000894a0       c1_4cu8YXrOoZfxCDCUERBpkD_b_sf_marshallIn 000000018008a4a0 f   Robust_MPC_Library_sfun:c1_4cu8YXrOoZfxCDCUERBpkD_Robust_MPC_Library.obj
 0001:00089570       c1_4cu8YXrOoZfxCDCUERBpkD_c_emlrt_marshallIn 000000018008a570 f   Robust_MPC_Library_sfun:c1_4cu8YXrOoZfxCDCUERBpkD_Robust_MPC_Library.obj
 0001:00089650       c1_4cu8YXrOoZfxCDCUERBpkD_j_sf_marshallOut 000000018008a650 f   Robust_MPC_Library_sfun:c1_4cu8YXrOoZfxCDCUERBpkD_Robust_MPC_Library.obj
 0001:000897b0       c1_4cu8YXrOoZfxCDCUERBpkD_c_sf_marshallIn 000000018008a7b0 f   Robust_MPC_Library_sfun:c1_4cu8YXrOoZfxCDCUERBpkD_Robust_MPC_Library.obj
 0001:000898b0       c1_4cu8YXrOoZfxCDCUERBpkD_d_emlrt_marshallIn 000000018008a8b0 f   Robust_MPC_Library_sfun:c1_4cu8YXrOoZfxCDCUERBpkD_Robust_MPC_Library.obj
 0001:000899b0       c1_4cu8YXrOoZfxCDCUERBpkD_d_sf_marshallIn 000000018008a9b0 f   Robust_MPC_Library_sfun:c1_4cu8YXrOoZfxCDCUERBpkD_Robust_MPC_Library.obj
 0001:00089ae0       c1_4cu8YXrOoZfxCDCUERBpkD_e_emlrt_marshallIn 000000018008aae0 f   Robust_MPC_Library_sfun:c1_4cu8YXrOoZfxCDCUERBpkD_Robust_MPC_Library.obj
 0001:00089be0       c1_4cu8YXrOoZfxCDCUERBpkD_e_sf_marshallIn 000000018008abe0 f   Robust_MPC_Library_sfun:c1_4cu8YXrOoZfxCDCUERBpkD_Robust_MPC_Library.obj
 0001:00089d60       c1_4cu8YXrOoZfxCDCUERBpkD_f_emlrt_marshallIn 000000018008ad60 f   Robust_MPC_Library_sfun:c1_4cu8YXrOoZfxCDCUERBpkD_Robust_MPC_Library.obj
 0001:00089e60       c1_4cu8YXrOoZfxCDCUERBpkD_eml_scalar_eg 000000018008ae60 f   Robust_MPC_Library_sfun:c1_4cu8YXrOoZfxCDCUERBpkD_Robust_MPC_Library.obj
 0001:00089e70       c1_4cu8YXrOoZfxCDCUERBpkD_b_round 000000018008ae70 f   Robust_MPC_Library_sfun:c1_4cu8YXrOoZfxCDCUERBpkD_Robust_MPC_Library.obj
 0001:0008a090       sf_opaque_get_sim_state_c1_4cu8YXrOoZfxCDCUERBpkD_Robust_MPC_Library 000000018008b090 f   Robust_MPC_Library_sfun:c1_4cu8YXrOoZfxCDCUERBpkD_Robust_MPC_Library.obj
 0001:0008a0b0       sf_opaque_set_sim_state_c1_4cu8YXrOoZfxCDCUERBpkD_Robust_MPC_Library 000000018008b0b0 f   Robust_MPC_Library_sfun:c1_4cu8YXrOoZfxCDCUERBpkD_Robust_MPC_Library.obj
 0001:0008a0e0       sf_opaque_terminate_c1_4cu8YXrOoZfxCDCUERBpkD_Robust_MPC_Library 000000018008b0e0 f   Robust_MPC_Library_sfun:c1_4cu8YXrOoZfxCDCUERBpkD_Robust_MPC_Library.obj
 0001:0008a160       finalize_c1_4cu8YXrOoZfxCDCUERBpkD_Robust_MPC_Library 000000018008b160 f   Robust_MPC_Library_sfun:c1_4cu8YXrOoZfxCDCUERBpkD_Robust_MPC_Library.obj
 0001:0008a170       sf_opaque_init_subchart_simstructs 000000018008b170 f   Robust_MPC_Library_sfun:c1_4cu8YXrOoZfxCDCUERBpkD_Robust_MPC_Library.obj
 0001:0008a190       initSimStructsc1_4cu8YXrOoZfxCDCUERBpkD_Robust_MPC_Library 000000018008b190 f   Robust_MPC_Library_sfun:c1_4cu8YXrOoZfxCDCUERBpkD_Robust_MPC_Library.obj
 0001:0008a1a0       mdlRTW_c1_4cu8YXrOoZfxCDCUERBpkD_Robust_MPC_Library 000000018008b1a0 f   Robust_MPC_Library_sfun:c1_4cu8YXrOoZfxCDCUERBpkD_Robust_MPC_Library.obj
 0001:0008a2d8       pre_c_init                 000000018008b2d8 f   MSVCRT:crtdll.obj
 0001:0008a594       __DllMainCRTStartup        000000018008b594 f   MSVCRT:crtdll.obj
 0001:0008ac90       __DllMainCRTStartup$filt$0 000000018008bc90 f   MSVCRT:crtdll.obj
 0001:0008acc0       __DllMainCRTStartup$fin$1  000000018008bcc0 f   MSVCRT:crtdll.obj
 0001:0008acda       _onexit$fin$0              000000018008bcda f   MSVCRT:atonexit.obj
 0001:0008ad00       _IsNonwritableInCurrentImage$filt$0 000000018008bd00 f   MSVCRT:pesect.obj
